

     JSBSim Flight Dynamics Model v1.3.0 [GitHub build 1742/commit 01ea7816288dce9e9f6a1a6dc048014bc65d699e] Apr  9 2026 10:02:36
            [JSBSim-ML v2.0]

JSBSim startup beginning ...

VAL observed_ppo s2 step=0 kills=0/20 outcomes={'died': 20}
TRAIN observed_ppo s2 step=10000 outcomes={'died': 6, 'timeout': 1}
TRAIN observed_ppo s2 step=20000 outcomes={'died': 13, 'timeout': 1}
TRAIN observed_ppo s2 step=30000 outcomes={'died': 17, 'timeout': 3}
TRAIN observed_ppo s2 step=40000 outcomes={'died': 22, 'timeout': 4}
TRAIN observed_ppo s2 step=50000 outcomes={'died': 29, 'timeout': 5}
VAL observed_ppo s2 step=51200 kills=0/20 outcomes={'died': 20}
TRAIN observed_ppo s2 step=60000 outcomes={'died': 36, 'timeout': 6}
TRAIN observed_ppo s2 step=70000 outcomes={'died': 46, 'timeout': 6}
TRAIN observed_ppo s2 step=80000 outcomes={'died': 55, 'timeout': 7}
TRAIN observed_ppo s2 step=90000 outcomes={'died': 64, 'timeout': 7}
TRAIN observed_ppo s2 step=100000 outcomes={'died': 71, 'timeout': 8}
VAL observed_ppo s2 step=102400 kills=0/20 outcomes={'died': 20}
TRAIN observed_ppo s2 step=110000 outcomes={'died': 80, 'timeout': 9}
TRAIN observed_ppo s2 step=120000 outcomes={'died': 90, 'timeout': 9}
TRAIN observed_ppo s2 step=130000 outcomes={'died': 100, 'timeout': 9}
TRAIN observed_ppo s2 step=140000 outcomes={'died': 107, 'timeout': 10}
TRAIN observed_ppo s2 step=150000 outcomes={'died': 114, 'timeout': 10}
VAL observed_ppo s2 step=153600 kills=0/20 outcomes={'died': 20}
TRAIN observed_ppo s2 step=160000 outcomes={'died': 123, 'timeout': 10}
TRAIN observed_ppo s2 step=170000 outcomes={'died': 132, 'timeout': 10}
TRAIN observed_ppo s2 step=180000 outcomes={'died': 139, 'timeout': 10}
TRAIN observed_ppo s2 step=190000 outcomes={'died': 147, 'timeout': 10}
TRAIN observed_ppo s2 step=200000 outcomes={'died': 157, 'timeout': 10}
VAL observed_ppo s2 step=204800 kills=0/20 outcomes={'died': 20}
