

     JSBSim Flight Dynamics Model v1.3.0 [GitHub build 1742/commit 01ea7816288dce9e9f6a1a6dc048014bc65d699e] Apr  9 2026 10:02:36
            [JSBSim-ML v2.0]

JSBSim startup beginning ...

VAL observed_dqn s0 step=0 kills=0/20 outcomes={'died': 20}
TRAIN observed_dqn s0 step=10000 outcomes={'died': 5}
TRAIN observed_dqn s0 step=20000 outcomes={'died': 10}
TRAIN observed_dqn s0 step=30000 outcomes={'died': 18}
TRAIN observed_dqn s0 step=40000 outcomes={'died': 24}
TRAIN observed_dqn s0 step=50000 outcomes={'died': 33}
VAL observed_dqn s0 step=51200 kills=0/20 outcomes={'died': 20}
TRAIN observed_dqn s0 step=60000 outcomes={'died': 42}
TRAIN observed_dqn s0 step=70000 outcomes={'died': 48}
TRAIN observed_dqn s0 step=80000 outcomes={'died': 57}
TRAIN observed_dqn s0 step=90000 outcomes={'died': 65}
TRAIN observed_dqn s0 step=100000 outcomes={'died': 72}
VAL observed_dqn s0 step=102400 kills=0/20 outcomes={'died': 20}
TRAIN observed_dqn s0 step=110000 outcomes={'died': 78}
TRAIN observed_dqn s0 step=120000 outcomes={'died': 86}
TRAIN observed_dqn s0 step=130000 outcomes={'died': 92}
TRAIN observed_dqn s0 step=140000 outcomes={'died': 99}
TRAIN observed_dqn s0 step=150000 outcomes={'died': 106}
VAL observed_dqn s0 step=153600 kills=0/20 outcomes={'timeout': 20}
TRAIN observed_dqn s0 step=160000 outcomes={'died': 113}
TRAIN observed_dqn s0 step=170000 outcomes={'died': 122}
TRAIN observed_dqn s0 step=180000 outcomes={'died': 132}
TRAIN observed_dqn s0 step=190000 outcomes={'died': 137, 'timeout': 1}
TRAIN observed_dqn s0 step=200000 outcomes={'died': 147, 'timeout': 1}
VAL observed_dqn s0 step=204800 kills=0/20 outcomes={'died': 20}
TRAIN observed_dqn s0 step=210000 outcomes={'died': 154, 'timeout': 1}
TRAIN observed_dqn s0 step=220000 outcomes={'died': 162, 'timeout': 1}
TRAIN observed_dqn s0 step=230000 outcomes={'died': 170, 'timeout': 1}
TRAIN observed_dqn s0 step=240000 outcomes={'died': 179, 'timeout': 1}
TRAIN observed_dqn s0 step=250000 outcomes={'died': 186, 'timeout': 1}
VAL observed_dqn s0 step=256000 kills=0/20 outcomes={'died': 20}
TRAIN observed_dqn s0 step=260000 outcomes={'died': 193, 'timeout': 1}
TRAIN observed_dqn s0 step=270000 outcomes={'died': 200, 'timeout': 1}
TRAIN observed_dqn s0 step=280000 outcomes={'died': 206, 'timeout': 1}
TRAIN observed_dqn s0 step=290000 outcomes={'died': 213, 'timeout': 1}
TRAIN observed_dqn s0 step=300000 outcomes={'died': 220, 'timeout': 2}
VAL observed_dqn s0 step=307200 kills=0/20 outcomes={'died': 15, 'timeout': 5}
TRAIN observed_dqn s0 step=310000 outcomes={'died': 226, 'timeout': 2}
TRAIN observed_dqn s0 step=320000 outcomes={'died': 233, 'timeout': 2}
TRAIN observed_dqn s0 step=330000 outcomes={'died': 239, 'timeout': 3}
TRAIN observed_dqn s0 step=340000 outcomes={'died': 246, 'timeout': 3}
TRAIN observed_dqn s0 step=350000 outcomes={'died': 254, 'timeout': 3}
VAL observed_dqn s0 step=358400 kills=0/20 outcomes={'died': 19, 'timeout': 1}
TRAIN observed_dqn s0 step=360000 outcomes={'died': 261, 'timeout': 3}
TRAIN observed_dqn s0 step=370000 outcomes={'died': 267, 'timeout': 3}
TRAIN observed_dqn s0 step=380000 outcomes={'died': 273, 'timeout': 3}
TRAIN observed_dqn s0 step=390000 outcomes={'died': 279, 'timeout': 3}
TRAIN observed_dqn s0 step=400000 outcomes={'died': 283, 'timeout': 5}
VAL observed_dqn s0 step=409600 kills=0/20 outcomes={'died': 14, 'timeout': 6}
TRAIN observed_dqn s0 step=410000 outcomes={'died': 291, 'timeout': 5}
TRAIN observed_dqn s0 step=420000 outcomes={'died': 298, 'timeout': 5}
TRAIN observed_dqn s0 step=430000 outcomes={'died': 305, 'timeout': 5}
TRAIN observed_dqn s0 step=440000 outcomes={'died': 310, 'timeout': 6, 'kill': 1}
TRAIN observed_dqn s0 step=450000 outcomes={'died': 315, 'timeout': 7, 'kill': 1}
TRAIN observed_dqn s0 step=460000 outcomes={'died': 325, 'timeout': 7, 'kill': 1}
VAL observed_dqn s0 step=460800 kills=0/20 outcomes={'died': 20}
TRAIN observed_dqn s0 step=470000 outcomes={'died': 332, 'timeout': 7, 'kill': 1}
TRAIN observed_dqn s0 step=480000 outcomes={'died': 343, 'timeout': 7, 'kill': 1}
TRAIN observed_dqn s0 step=490000 outcomes={'died': 349, 'timeout': 8, 'kill': 1}
TRAIN observed_dqn s0 step=500000 outcomes={'died': 355, 'timeout': 9, 'kill': 1}
TRAIN observed_dqn s0 step=510000 outcomes={'died': 365, 'timeout': 9, 'kill': 1}
VAL observed_dqn s0 step=512000 kills=0/20 outcomes={'timeout': 20}
TRAIN observed_dqn s0 step=520000 outcomes={'died': 372, 'timeout': 9, 'kill': 1}
TRAIN observed_dqn s0 step=530000 outcomes={'died': 377, 'timeout': 10, 'kill': 1}
TRAIN observed_dqn s0 step=540000 outcomes={'died': 383, 'timeout': 11, 'kill': 1}
TRAIN observed_dqn s0 step=550000 outcomes={'died': 391, 'timeout': 11, 'kill': 1}
TRAIN observed_dqn s0 step=560000 outcomes={'died': 398, 'timeout': 11, 'kill': 1}
VAL observed_dqn s0 step=563200 kills=0/20 outcomes={'died': 17, 'timeout': 3}
TRAIN observed_dqn s0 step=570000 outcomes={'died': 404, 'timeout': 12, 'kill': 1}
TRAIN observed_dqn s0 step=580000 outcomes={'died': 411, 'timeout': 13, 'kill': 1}
TRAIN observed_dqn s0 step=590000 outcomes={'died': 419, 'timeout': 13, 'kill': 1}
TRAIN observed_dqn s0 step=600000 outcomes={'died': 426, 'timeout': 14, 'kill': 1}
TRAIN observed_dqn s0 step=610000 outcomes={'died': 431, 'timeout': 14, 'kill': 1}
VAL observed_dqn s0 step=614400 kills=10/20 outcomes={'died': 9, 'kill': 10, 'timeout': 1}
TRAIN observed_dqn s0 step=620000 outcomes={'died': 438, 'timeout': 14, 'kill': 1}
TRAIN observed_dqn s0 step=630000 outcomes={'died': 445, 'timeout': 14, 'kill': 1}
TRAIN observed_dqn s0 step=640000 outcomes={'died': 452, 'timeout': 14, 'kill': 1}
TRAIN observed_dqn s0 step=650000 outcomes={'died': 459, 'timeout': 14, 'kill': 1}
TRAIN observed_dqn s0 step=660000 outcomes={'died': 467, 'timeout': 14, 'kill': 1}
VAL observed_dqn s0 step=665600 kills=0/20 outcomes={'died': 20}
TRAIN observed_dqn s0 step=670000 outcomes={'died': 472, 'timeout': 15, 'kill': 1}
TRAIN observed_dqn s0 step=680000 outcomes={'died': 480, 'timeout': 15, 'kill': 1}
TRAIN observed_dqn s0 step=690000 outcomes={'died': 488, 'timeout': 15, 'kill': 1}
TRAIN observed_dqn s0 step=700000 outcomes={'died': 495, 'timeout': 15, 'kill': 1}
TRAIN observed_dqn s0 step=710000 outcomes={'died': 501, 'timeout': 16, 'kill': 1}
VAL observed_dqn s0 step=716800 kills=0/20 outcomes={'timeout': 20}
TRAIN observed_dqn s0 step=720000 outcomes={'died': 508, 'timeout': 16, 'kill': 1}
TRAIN observed_dqn s0 step=730000 outcomes={'died': 516, 'timeout': 16, 'kill': 1}
TRAIN observed_dqn s0 step=740000 outcomes={'died': 522, 'timeout': 16, 'kill': 1}
TRAIN observed_dqn s0 step=750000 outcomes={'died': 529, 'timeout': 16, 'kill': 1}
TRAIN observed_dqn s0 step=760000 outcomes={'died': 537, 'timeout': 16, 'kill': 1}
VAL observed_dqn s0 step=768000 kills=0/20 outcomes={'died': 20}
TRAIN observed_dqn s0 step=770000 outcomes={'died': 546, 'timeout': 16, 'kill': 1}
TRAIN observed_dqn s0 step=780000 outcomes={'died': 552, 'timeout': 16, 'kill': 1}
TRAIN observed_dqn s0 step=790000 outcomes={'died': 559, 'timeout': 16, 'kill': 1}
TRAIN observed_dqn s0 step=800000 outcomes={'died': 566, 'timeout': 16, 'kill': 1}
TRAIN observed_dqn s0 step=810000 outcomes={'died': 572, 'timeout': 17, 'kill': 1}
VAL observed_dqn s0 step=819200 kills=0/20 outcomes={'died': 15, 'timeout': 5}
TRAIN observed_dqn s0 step=820000 outcomes={'died': 579, 'timeout': 17, 'kill': 1}
TRAIN observed_dqn s0 step=830000 outcomes={'died': 587, 'timeout': 17, 'kill': 1}
TRAIN observed_dqn s0 step=840000 outcomes={'died': 594, 'timeout': 17, 'kill': 1}
TRAIN observed_dqn s0 step=850000 outcomes={'died': 602, 'timeout': 17, 'kill': 1}
TRAIN observed_dqn s0 step=860000 outcomes={'died': 610, 'timeout': 17, 'kill': 1}
TRAIN observed_dqn s0 step=870000 outcomes={'died': 616, 'timeout': 18, 'kill': 1}
VAL observed_dqn s0 step=870400 kills=0/20 outcomes={'died': 20}
TRAIN observed_dqn s0 step=880000 outcomes={'died': 623, 'timeout': 18, 'kill': 1}
TRAIN observed_dqn s0 step=890000 outcomes={'died': 630, 'timeout': 19, 'kill': 1}
TRAIN observed_dqn s0 step=900000 outcomes={'died': 638, 'timeout': 19, 'kill': 1}
TRAIN observed_dqn s0 step=910000 outcomes={'died': 646, 'timeout': 19, 'kill': 1}
TRAIN observed_dqn s0 step=920000 outcomes={'died': 653, 'timeout': 19, 'kill': 1}
VAL observed_dqn s0 step=921600 kills=1/20 outcomes={'died': 19, 'kill': 1}
TRAIN observed_dqn s0 step=930000 outcomes={'died': 661, 'timeout': 19, 'kill': 1}
TRAIN observed_dqn s0 step=940000 outcomes={'died': 669, 'timeout': 19, 'kill': 1}
TRAIN observed_dqn s0 step=950000 outcomes={'died': 676, 'timeout': 19, 'kill': 1}
TRAIN observed_dqn s0 step=960000 outcomes={'died': 683, 'timeout': 19, 'kill': 1}
TRAIN observed_dqn s0 step=970000 outcomes={'died': 692, 'timeout': 19, 'kill': 1}
VAL observed_dqn s0 step=972800 kills=0/20 outcomes={'died': 16, 'timeout': 4}
TRAIN observed_dqn s0 step=980000 outcomes={'died': 700, 'timeout': 19, 'kill': 1}
TRAIN observed_dqn s0 step=990000 outcomes={'died': 706, 'timeout': 21, 'kill': 1}
TRAIN observed_dqn s0 step=1000000 outcomes={'died': 711, 'timeout': 22, 'kill': 1}
TRAIN observed_dqn s0 step=1010000 outcomes={'died': 718, 'timeout': 23, 'kill': 1}
TRAIN observed_dqn s0 step=1020000 outcomes={'died': 727, 'timeout': 23, 'kill': 1}
VAL observed_dqn s0 step=1024000 kills=0/20 outcomes={'died': 20}
