

     JSBSim Flight Dynamics Model v1.3.0 [GitHub build 1742/commit 01ea7816288dce9e9f6a1a6dc048014bc65d699e] Apr  9 2026 10:02:36
            [JSBSim-ML v2.0]

JSBSim startup beginning ...

VAL step=1024000 wins=9/20
TRAIN 1034000/1536000
TRAIN 1044000/1536000
TRAIN 1054000/1536000
TRAIN 1064000/1536000
TRAIN 1074000/1536000
VAL step=1075200 wins=0/20
TRAIN 1084000/1536000
TRAIN 1094000/1536000
TRAIN 1104000/1536000
TRAIN 1114000/1536000
TRAIN 1124000/1536000
VAL step=1126400 wins=0/20
TRAIN 1134000/1536000
TRAIN 1144000/1536000
TRAIN 1154000/1536000
TRAIN 1164000/1536000
TRAIN 1174000/1536000
VAL step=1177600 wins=0/20
TRAIN 1184000/1536000
TRAIN 1194000/1536000
TRAIN 1204000/1536000
TRAIN 1214000/1536000
TRAIN 1224000/1536000
VAL step=1228800 wins=0/20
TRAIN 1234000/1536000
TRAIN 1244000/1536000
TRAIN 1254000/1536000
TRAIN 1264000/1536000
TRAIN 1274000/1536000
VAL step=1280000 wins=0/20
TRAIN 1284000/1536000
TRAIN 1294000/1536000
TRAIN 1304000/1536000
TRAIN 1314000/1536000
TRAIN 1324000/1536000
VAL step=1331200 wins=0/20
TRAIN 1334000/1536000
TRAIN 1344000/1536000
TRAIN 1354000/1536000
TRAIN 1364000/1536000
TRAIN 1374000/1536000
VAL step=1382400 wins=0/20
TRAIN 1384000/1536000
TRAIN 1394000/1536000
TRAIN 1404000/1536000
TRAIN 1414000/1536000
TRAIN 1424000/1536000
VAL step=1433600 wins=0/20
TRAIN 1434000/1536000
TRAIN 1444000/1536000
TRAIN 1454000/1536000
TRAIN 1464000/1536000
TRAIN 1474000/1536000
TRAIN 1484000/1536000
VAL step=1484800 wins=0/20
TRAIN 1494000/1536000
TRAIN 1504000/1536000
TRAIN 1514000/1536000
TRAIN 1524000/1536000
TRAIN 1534000/1536000
VAL step=1536000 wins=0/20
