

     JSBSim Flight Dynamics Model v1.3.0 [GitHub build 1742/commit 01ea7816288dce9e9f6a1a6dc048014bc65d699e] Apr  9 2026 10:02:36
            [JSBSim-ML v2.0]

JSBSim startup beginning ...

VAL observed_dqn s1 step=0 kills=0/20 outcomes={'died': 20}
TRAIN observed_dqn s1 step=10000 outcomes={'died': 6, 'timeout': 1}
TRAIN observed_dqn s1 step=20000 outcomes={'died': 11, 'timeout': 2}
TRAIN observed_dqn s1 step=30000 outcomes={'died': 16, 'timeout': 3}
TRAIN observed_dqn s1 step=40000 outcomes={'died': 23, 'timeout': 3}
TRAIN observed_dqn s1 step=50000 outcomes={'died': 31, 'timeout': 3}
VAL observed_dqn s1 step=51200 kills=0/20 outcomes={'died': 16, 'timeout': 4}
TRAIN observed_dqn s1 step=60000 outcomes={'died': 41, 'timeout': 3}
TRAIN observed_dqn s1 step=70000 outcomes={'died': 51, 'timeout': 3}
TRAIN observed_dqn s1 step=80000 outcomes={'died': 58, 'timeout': 3}
TRAIN observed_dqn s1 step=90000 outcomes={'died': 68, 'timeout': 3}
TRAIN observed_dqn s1 step=100000 outcomes={'died': 74, 'timeout': 3}
VAL observed_dqn s1 step=102400 kills=0/20 outcomes={'died': 20}
TRAIN observed_dqn s1 step=110000 outcomes={'died': 81, 'timeout': 3}
TRAIN observed_dqn s1 step=120000 outcomes={'died': 92, 'timeout': 3}
TRAIN observed_dqn s1 step=130000 outcomes={'died': 100, 'timeout': 3}
TRAIN observed_dqn s1 step=140000 outcomes={'died': 108, 'timeout': 3}
TRAIN observed_dqn s1 step=150000 outcomes={'died': 117, 'timeout': 3}
VAL observed_dqn s1 step=153600 kills=0/20 outcomes={'died': 18, 'timeout': 2}
TRAIN observed_dqn s1 step=160000 outcomes={'died': 126, 'timeout': 3}
TRAIN observed_dqn s1 step=170000 outcomes={'died': 133, 'timeout': 3}
TRAIN observed_dqn s1 step=180000 outcomes={'died': 141, 'timeout': 3}
TRAIN observed_dqn s1 step=190000 outcomes={'died': 144, 'timeout': 5}
TRAIN observed_dqn s1 step=200000 outcomes={'died': 151, 'timeout': 5}
VAL observed_dqn s1 step=204800 kills=0/20 outcomes={'died': 20}
TRAIN observed_dqn s1 step=210000 outcomes={'died': 158, 'timeout': 5}
TRAIN observed_dqn s1 step=220000 outcomes={'died': 164, 'timeout': 5}
TRAIN observed_dqn s1 step=230000 outcomes={'died': 171, 'timeout': 5}
TRAIN observed_dqn s1 step=240000 outcomes={'died': 178, 'timeout': 5}
TRAIN observed_dqn s1 step=250000 outcomes={'died': 184, 'timeout': 5}
VAL observed_dqn s1 step=256000 kills=0/20 outcomes={'died': 20}
TRAIN observed_dqn s1 step=260000 outcomes={'died': 190, 'timeout': 5}
TRAIN observed_dqn s1 step=270000 outcomes={'died': 197, 'timeout': 5}
TRAIN observed_dqn s1 step=280000 outcomes={'died': 204, 'timeout': 5}
TRAIN observed_dqn s1 step=290000 outcomes={'died': 212, 'timeout': 5}
TRAIN observed_dqn s1 step=300000 outcomes={'died': 218, 'timeout': 5}
VAL observed_dqn s1 step=307200 kills=0/20 outcomes={'died': 20}
TRAIN observed_dqn s1 step=310000 outcomes={'died': 226, 'timeout': 5}
TRAIN observed_dqn s1 step=320000 outcomes={'died': 232, 'timeout': 5}
TRAIN observed_dqn s1 step=330000 outcomes={'died': 239, 'timeout': 5}
TRAIN observed_dqn s1 step=340000 outcomes={'died': 243, 'timeout': 6}
TRAIN observed_dqn s1 step=350000 outcomes={'died': 250, 'timeout': 6}
VAL observed_dqn s1 step=358400 kills=0/20 outcomes={'died': 14, 'timeout': 6}
TRAIN observed_dqn s1 step=360000 outcomes={'died': 255, 'timeout': 7}
TRAIN observed_dqn s1 step=370000 outcomes={'died': 262, 'timeout': 7}
TRAIN observed_dqn s1 step=380000 outcomes={'died': 268, 'timeout': 7}
TRAIN observed_dqn s1 step=390000 outcomes={'died': 277, 'timeout': 7}
TRAIN observed_dqn s1 step=400000 outcomes={'died': 282, 'timeout': 7}
VAL observed_dqn s1 step=409600 kills=0/20 outcomes={'died': 20}
TRAIN observed_dqn s1 step=410000 outcomes={'died': 288, 'timeout': 8}
TRAIN observed_dqn s1 step=420000 outcomes={'died': 295, 'timeout': 8}
TRAIN observed_dqn s1 step=430000 outcomes={'died': 302, 'timeout': 8}
TRAIN observed_dqn s1 step=440000 outcomes={'died': 309, 'timeout': 8}
TRAIN observed_dqn s1 step=450000 outcomes={'died': 317, 'timeout': 8}
TRAIN observed_dqn s1 step=460000 outcomes={'died': 324, 'timeout': 8}
VAL observed_dqn s1 step=460800 kills=0/20 outcomes={'died': 20}
TRAIN observed_dqn s1 step=470000 outcomes={'died': 330, 'timeout': 8}
TRAIN observed_dqn s1 step=480000 outcomes={'died': 338, 'timeout': 8}
TRAIN observed_dqn s1 step=490000 outcomes={'died': 344, 'timeout': 8}
TRAIN observed_dqn s1 step=500000 outcomes={'died': 352, 'timeout': 9}
TRAIN observed_dqn s1 step=510000 outcomes={'died': 360, 'timeout': 9}
VAL observed_dqn s1 step=512000 kills=0/20 outcomes={'died': 20}
TRAIN observed_dqn s1 step=520000 outcomes={'died': 368, 'timeout': 9}
TRAIN observed_dqn s1 step=530000 outcomes={'died': 377, 'timeout': 9}
TRAIN observed_dqn s1 step=540000 outcomes={'died': 385, 'timeout': 9}
TRAIN observed_dqn s1 step=550000 outcomes={'died': 391, 'timeout': 10}
TRAIN observed_dqn s1 step=560000 outcomes={'died': 399, 'timeout': 10}
VAL observed_dqn s1 step=563200 kills=0/20 outcomes={'died': 20}
TRAIN observed_dqn s1 step=570000 outcomes={'died': 405, 'timeout': 10}
TRAIN observed_dqn s1 step=580000 outcomes={'died': 414, 'timeout': 10}
TRAIN observed_dqn s1 step=590000 outcomes={'died': 422, 'timeout': 10}
TRAIN observed_dqn s1 step=600000 outcomes={'died': 430, 'timeout': 10}
TRAIN observed_dqn s1 step=610000 outcomes={'died': 438, 'timeout': 10}
VAL observed_dqn s1 step=614400 kills=0/20 outcomes={'died': 20}
TRAIN observed_dqn s1 step=620000 outcomes={'died': 448, 'timeout': 10}
TRAIN observed_dqn s1 step=630000 outcomes={'died': 456, 'timeout': 10, 'mutual': 1}
TRAIN observed_dqn s1 step=640000 outcomes={'died': 461, 'timeout': 10, 'mutual': 1, 'kill': 1}
TRAIN observed_dqn s1 step=650000 outcomes={'died': 470, 'timeout': 10, 'mutual': 1, 'kill': 1}
TRAIN observed_dqn s1 step=660000 outcomes={'died': 479, 'timeout': 10, 'mutual': 1, 'kill': 1}
VAL observed_dqn s1 step=665600 kills=0/20 outcomes={'died': 20}
TRAIN observed_dqn s1 step=670000 outcomes={'died': 489, 'timeout': 10, 'mutual': 1, 'kill': 1}
TRAIN observed_dqn s1 step=680000 outcomes={'died': 497, 'timeout': 10, 'mutual': 1, 'kill': 1}
TRAIN observed_dqn s1 step=690000 outcomes={'died': 505, 'timeout': 10, 'mutual': 1, 'kill': 1}
TRAIN observed_dqn s1 step=700000 outcomes={'died': 514, 'timeout': 10, 'mutual': 1, 'kill': 1}
TRAIN observed_dqn s1 step=710000 outcomes={'died': 520, 'timeout': 10, 'mutual': 1, 'kill': 2}
VAL observed_dqn s1 step=716800 kills=0/20 outcomes={'died': 20}
TRAIN observed_dqn s1 step=720000 outcomes={'died': 526, 'timeout': 11, 'mutual': 1, 'kill': 2}
TRAIN observed_dqn s1 step=730000 outcomes={'died': 532, 'timeout': 12, 'mutual': 1, 'kill': 2}
TRAIN observed_dqn s1 step=740000 outcomes={'died': 540, 'timeout': 12, 'mutual': 1, 'kill': 2}
TRAIN observed_dqn s1 step=750000 outcomes={'died': 547, 'timeout': 12, 'mutual': 1, 'kill': 2}
TRAIN observed_dqn s1 step=760000 outcomes={'died': 554, 'timeout': 12, 'mutual': 1, 'kill': 2}
VAL observed_dqn s1 step=768000 kills=0/20 outcomes={'died': 18, 'timeout': 2}
TRAIN observed_dqn s1 step=770000 outcomes={'died': 557, 'timeout': 14, 'mutual': 1, 'kill': 2}
TRAIN observed_dqn s1 step=780000 outcomes={'died': 564, 'timeout': 14, 'mutual': 1, 'kill': 2}
TRAIN observed_dqn s1 step=790000 outcomes={'died': 572, 'timeout': 14, 'mutual': 1, 'kill': 2}
TRAIN observed_dqn s1 step=800000 outcomes={'died': 580, 'timeout': 14, 'mutual': 1, 'kill': 2}
TRAIN observed_dqn s1 step=810000 outcomes={'died': 588, 'timeout': 14, 'mutual': 1, 'kill': 2}
VAL observed_dqn s1 step=819200 kills=0/20 outcomes={'died': 20}
TRAIN observed_dqn s1 step=820000 outcomes={'died': 593, 'timeout': 14, 'mutual': 1, 'kill': 2}
TRAIN observed_dqn s1 step=830000 outcomes={'died': 599, 'timeout': 14, 'mutual': 1, 'kill': 2}
TRAIN observed_dqn s1 step=840000 outcomes={'died': 607, 'timeout': 14, 'mutual': 1, 'kill': 2}
TRAIN observed_dqn s1 step=850000 outcomes={'died': 615, 'timeout': 14, 'mutual': 1, 'kill': 2}
TRAIN observed_dqn s1 step=860000 outcomes={'died': 621, 'timeout': 15, 'mutual': 1, 'kill': 2}
TRAIN observed_dqn s1 step=870000 outcomes={'died': 624, 'timeout': 17, 'mutual': 1, 'kill': 2}
VAL observed_dqn s1 step=870400 kills=0/20 outcomes={'timeout': 20}
TRAIN observed_dqn s1 step=880000 outcomes={'died': 631, 'timeout': 17, 'mutual': 1, 'kill': 2}
TRAIN observed_dqn s1 step=890000 outcomes={'died': 637, 'timeout': 18, 'mutual': 1, 'kill': 2}
TRAIN observed_dqn s1 step=900000 outcomes={'died': 644, 'timeout': 18, 'mutual': 1, 'kill': 2}
TRAIN observed_dqn s1 step=910000 outcomes={'died': 650, 'timeout': 18, 'mutual': 1, 'kill': 2}
TRAIN observed_dqn s1 step=920000 outcomes={'died': 656, 'timeout': 18, 'mutual': 1, 'kill': 2}
VAL observed_dqn s1 step=921600 kills=0/20 outcomes={'timeout': 20}
TRAIN observed_dqn s1 step=930000 outcomes={'died': 664, 'timeout': 18, 'mutual': 1, 'kill': 2}
TRAIN observed_dqn s1 step=940000 outcomes={'died': 669, 'timeout': 19, 'mutual': 1, 'kill': 2}
TRAIN observed_dqn s1 step=950000 outcomes={'died': 675, 'timeout': 19, 'mutual': 1, 'kill': 2}
TRAIN observed_dqn s1 step=960000 outcomes={'died': 683, 'timeout': 19, 'mutual': 1, 'kill': 2}
TRAIN observed_dqn s1 step=970000 outcomes={'died': 690, 'timeout': 19, 'mutual': 1, 'kill': 2}
VAL observed_dqn s1 step=972800 kills=4/20 outcomes={'died': 15, 'kill': 4, 'timeout': 1}
TRAIN observed_dqn s1 step=980000 outcomes={'died': 696, 'timeout': 20, 'mutual': 1, 'kill': 2}
TRAIN observed_dqn s1 step=990000 outcomes={'died': 704, 'timeout': 20, 'mutual': 1, 'kill': 2}
TRAIN observed_dqn s1 step=1000000 outcomes={'died': 709, 'timeout': 21, 'mutual': 1, 'kill': 2}
TRAIN observed_dqn s1 step=1010000 outcomes={'died': 714, 'timeout': 22, 'mutual': 1, 'kill': 2}
TRAIN observed_dqn s1 step=1020000 outcomes={'died': 719, 'timeout': 23, 'mutual': 1, 'kill': 2}
VAL observed_dqn s1 step=1024000 kills=0/20 outcomes={'died': 20}
