

     JSBSim Flight Dynamics Model v1.3.0 [GitHub build 1742/commit 01ea7816288dce9e9f6a1a6dc048014bc65d699e] Apr  9 2026 10:02:36
            [JSBSim-ML v2.0]

JSBSim startup beginning ...

VAL observed_dqn s2 step=0 kills=0/20 outcomes={'died': 20}
TRAIN observed_dqn s2 step=10000 outcomes={'died': 4, 'timeout': 2}
TRAIN observed_dqn s2 step=20000 outcomes={'died': 12, 'timeout': 2}
TRAIN observed_dqn s2 step=30000 outcomes={'died': 18, 'timeout': 2}
TRAIN observed_dqn s2 step=40000 outcomes={'died': 23, 'timeout': 3}
TRAIN observed_dqn s2 step=50000 outcomes={'died': 30, 'timeout': 3}
VAL observed_dqn s2 step=51200 kills=0/20 outcomes={'died': 19, 'timeout': 1}
TRAIN observed_dqn s2 step=60000 outcomes={'died': 37, 'timeout': 3}
TRAIN observed_dqn s2 step=70000 outcomes={'died': 43, 'timeout': 4}
TRAIN observed_dqn s2 step=80000 outcomes={'died': 49, 'timeout': 4}
TRAIN observed_dqn s2 step=90000 outcomes={'died': 57, 'timeout': 4}
TRAIN observed_dqn s2 step=100000 outcomes={'died': 64, 'timeout': 4}
VAL observed_dqn s2 step=102400 kills=0/20 outcomes={'died': 19, 'timeout': 1}
TRAIN observed_dqn s2 step=110000 outcomes={'died': 72, 'timeout': 4}
TRAIN observed_dqn s2 step=120000 outcomes={'died': 81, 'timeout': 4}
TRAIN observed_dqn s2 step=130000 outcomes={'died': 88, 'timeout': 4}
TRAIN observed_dqn s2 step=140000 outcomes={'died': 95, 'timeout': 4}
TRAIN observed_dqn s2 step=150000 outcomes={'died': 101, 'timeout': 5}
VAL observed_dqn s2 step=153600 kills=0/20 outcomes={'died': 20}
TRAIN observed_dqn s2 step=160000 outcomes={'died': 110, 'timeout': 5}
TRAIN observed_dqn s2 step=170000 outcomes={'died': 118, 'timeout': 5}
TRAIN observed_dqn s2 step=180000 outcomes={'died': 126, 'timeout': 5}
TRAIN observed_dqn s2 step=190000 outcomes={'died': 133, 'timeout': 5}
TRAIN observed_dqn s2 step=200000 outcomes={'died': 140, 'timeout': 5}
VAL observed_dqn s2 step=204800 kills=6/20 outcomes={'died': 12, 'kill': 6, 'mutual': 1, 'timeout': 1}
TRAIN observed_dqn s2 step=210000 outcomes={'died': 145, 'timeout': 6}
TRAIN observed_dqn s2 step=220000 outcomes={'died': 151, 'timeout': 6}
TRAIN observed_dqn s2 step=230000 outcomes={'died': 157, 'timeout': 6}
TRAIN observed_dqn s2 step=240000 outcomes={'died': 165, 'timeout': 6}
TRAIN observed_dqn s2 step=250000 outcomes={'died': 173, 'timeout': 6}
VAL observed_dqn s2 step=256000 kills=0/20 outcomes={'died': 20}
TRAIN observed_dqn s2 step=260000 outcomes={'died': 181, 'timeout': 6}
TRAIN observed_dqn s2 step=270000 outcomes={'died': 187, 'timeout': 6}
TRAIN observed_dqn s2 step=280000 outcomes={'died': 194, 'timeout': 6}
TRAIN observed_dqn s2 step=290000 outcomes={'died': 200, 'timeout': 7}
TRAIN observed_dqn s2 step=300000 outcomes={'died': 207, 'timeout': 7}
VAL observed_dqn s2 step=307200 kills=0/20 outcomes={'timeout': 20}
TRAIN observed_dqn s2 step=310000 outcomes={'died': 212, 'timeout': 8}
TRAIN observed_dqn s2 step=320000 outcomes={'died': 219, 'timeout': 8}
TRAIN observed_dqn s2 step=330000 outcomes={'died': 225, 'timeout': 9}
TRAIN observed_dqn s2 step=340000 outcomes={'died': 231, 'timeout': 9}
TRAIN observed_dqn s2 step=350000 outcomes={'died': 240, 'timeout': 9}
VAL observed_dqn s2 step=358400 kills=0/20 outcomes={'died': 20}
TRAIN observed_dqn s2 step=360000 outcomes={'died': 245, 'timeout': 10}
TRAIN observed_dqn s2 step=370000 outcomes={'died': 250, 'timeout': 11}
TRAIN observed_dqn s2 step=380000 outcomes={'died': 257, 'timeout': 11}
TRAIN observed_dqn s2 step=390000 outcomes={'died': 264, 'timeout': 11}
TRAIN observed_dqn s2 step=400000 outcomes={'died': 271, 'timeout': 11}
VAL observed_dqn s2 step=409600 kills=0/20 outcomes={'timeout': 20}
TRAIN observed_dqn s2 step=410000 outcomes={'died': 280, 'timeout': 11}
TRAIN observed_dqn s2 step=420000 outcomes={'died': 285, 'timeout': 12}
TRAIN observed_dqn s2 step=430000 outcomes={'died': 292, 'timeout': 12}
TRAIN observed_dqn s2 step=440000 outcomes={'died': 300, 'timeout': 12}
TRAIN observed_dqn s2 step=450000 outcomes={'died': 306, 'timeout': 12}
TRAIN observed_dqn s2 step=460000 outcomes={'died': 314, 'timeout': 12}
VAL observed_dqn s2 step=460800 kills=0/20 outcomes={'died': 20}
TRAIN observed_dqn s2 step=470000 outcomes={'died': 320, 'timeout': 12}
TRAIN observed_dqn s2 step=480000 outcomes={'died': 328, 'timeout': 12}
TRAIN observed_dqn s2 step=490000 outcomes={'died': 331, 'timeout': 14}
TRAIN observed_dqn s2 step=500000 outcomes={'died': 338, 'timeout': 15}
TRAIN observed_dqn s2 step=510000 outcomes={'died': 344, 'timeout': 16}
VAL observed_dqn s2 step=512000 kills=0/20 outcomes={'died': 8, 'timeout': 12}
TRAIN observed_dqn s2 step=520000 outcomes={'died': 350, 'timeout': 17}
TRAIN observed_dqn s2 step=530000 outcomes={'died': 352, 'timeout': 20}
TRAIN observed_dqn s2 step=540000 outcomes={'died': 357, 'timeout': 21}
TRAIN observed_dqn s2 step=550000 outcomes={'died': 364, 'timeout': 21}
TRAIN observed_dqn s2 step=560000 outcomes={'died': 369, 'timeout': 22}
VAL observed_dqn s2 step=563200 kills=0/20 outcomes={'timeout': 20}
TRAIN observed_dqn s2 step=570000 outcomes={'died': 377, 'timeout': 22}
TRAIN observed_dqn s2 step=580000 outcomes={'died': 380, 'timeout': 23}
TRAIN observed_dqn s2 step=590000 outcomes={'died': 385, 'timeout': 25}
TRAIN observed_dqn s2 step=600000 outcomes={'died': 388, 'timeout': 27}
TRAIN observed_dqn s2 step=610000 outcomes={'died': 394, 'timeout': 28}
VAL observed_dqn s2 step=614400 kills=0/20 outcomes={'died': 18, 'timeout': 2}
TRAIN observed_dqn s2 step=620000 outcomes={'died': 399, 'timeout': 29}
TRAIN observed_dqn s2 step=630000 outcomes={'died': 405, 'timeout': 29}
TRAIN observed_dqn s2 step=640000 outcomes={'died': 412, 'timeout': 30}
TRAIN observed_dqn s2 step=650000 outcomes={'died': 415, 'timeout': 32}
TRAIN observed_dqn s2 step=660000 outcomes={'died': 423, 'timeout': 32}
VAL observed_dqn s2 step=665600 kills=0/20 outcomes={'died': 18, 'timeout': 2}
TRAIN observed_dqn s2 step=670000 outcomes={'died': 430, 'timeout': 32}
TRAIN observed_dqn s2 step=680000 outcomes={'died': 436, 'timeout': 32, 'kill': 1}
TRAIN observed_dqn s2 step=690000 outcomes={'died': 441, 'timeout': 33, 'kill': 1}
TRAIN observed_dqn s2 step=700000 outcomes={'died': 446, 'timeout': 33, 'kill': 1, 'mutual': 1}
TRAIN observed_dqn s2 step=710000 outcomes={'died': 451, 'timeout': 34, 'kill': 1, 'mutual': 1}
VAL observed_dqn s2 step=716800 kills=0/20 outcomes={'died': 20}
TRAIN observed_dqn s2 step=720000 outcomes={'died': 455, 'timeout': 36, 'kill': 1, 'mutual': 1}
TRAIN observed_dqn s2 step=730000 outcomes={'died': 463, 'timeout': 36, 'kill': 1, 'mutual': 1}
TRAIN observed_dqn s2 step=740000 outcomes={'died': 468, 'timeout': 36, 'kill': 2, 'mutual': 2}
TRAIN observed_dqn s2 step=750000 outcomes={'died': 475, 'timeout': 36, 'kill': 2, 'mutual': 2}
TRAIN observed_dqn s2 step=760000 outcomes={'died': 481, 'timeout': 36, 'kill': 2, 'mutual': 3}
VAL observed_dqn s2 step=768000 kills=0/20 outcomes={'died': 20}
TRAIN observed_dqn s2 step=770000 outcomes={'died': 486, 'timeout': 36, 'kill': 3, 'mutual': 3}
TRAIN observed_dqn s2 step=780000 outcomes={'died': 494, 'timeout': 36, 'kill': 4, 'mutual': 3}
TRAIN observed_dqn s2 step=790000 outcomes={'died': 502, 'timeout': 36, 'kill': 4, 'mutual': 3}
TRAIN observed_dqn s2 step=800000 outcomes={'died': 509, 'timeout': 36, 'kill': 4, 'mutual': 3}
TRAIN observed_dqn s2 step=810000 outcomes={'died': 518, 'timeout': 36, 'kill': 4, 'mutual': 3}
VAL observed_dqn s2 step=819200 kills=0/20 outcomes={'died': 2, 'timeout': 18}
TRAIN observed_dqn s2 step=820000 outcomes={'died': 527, 'timeout': 36, 'kill': 4, 'mutual': 3}
TRAIN observed_dqn s2 step=830000 outcomes={'died': 533, 'timeout': 38, 'kill': 4, 'mutual': 3}
TRAIN observed_dqn s2 step=840000 outcomes={'died': 542, 'timeout': 38, 'kill': 5, 'mutual': 3}
TRAIN observed_dqn s2 step=850000 outcomes={'died': 550, 'timeout': 38, 'kill': 5, 'mutual': 3}
TRAIN observed_dqn s2 step=860000 outcomes={'died': 557, 'timeout': 38, 'kill': 5, 'mutual': 3}
TRAIN observed_dqn s2 step=870000 outcomes={'died': 567, 'timeout': 38, 'kill': 5, 'mutual': 3}
VAL observed_dqn s2 step=870400 kills=1/20 outcomes={'died': 17, 'kill': 1, 'timeout': 2}
TRAIN observed_dqn s2 step=880000 outcomes={'died': 574, 'timeout': 38, 'kill': 5, 'mutual': 3}
TRAIN observed_dqn s2 step=890000 outcomes={'died': 580, 'timeout': 39, 'kill': 5, 'mutual': 3}
TRAIN observed_dqn s2 step=900000 outcomes={'died': 586, 'timeout': 39, 'kill': 5, 'mutual': 3}
TRAIN observed_dqn s2 step=910000 outcomes={'died': 593, 'timeout': 39, 'kill': 5, 'mutual': 3}
TRAIN observed_dqn s2 step=920000 outcomes={'died': 594, 'timeout': 42, 'kill': 5, 'mutual': 4}
VAL observed_dqn s2 step=921600 kills=1/20 outcomes={'died': 18, 'kill': 1, 'timeout': 1}
TRAIN observed_dqn s2 step=930000 outcomes={'died': 599, 'timeout': 43, 'kill': 5, 'mutual': 4}
TRAIN observed_dqn s2 step=940000 outcomes={'died': 604, 'timeout': 44, 'kill': 5, 'mutual': 4}
TRAIN observed_dqn s2 step=950000 outcomes={'died': 609, 'timeout': 44, 'kill': 5, 'mutual': 4}
TRAIN observed_dqn s2 step=960000 outcomes={'died': 614, 'timeout': 45, 'kill': 5, 'mutual': 4}
TRAIN observed_dqn s2 step=970000 outcomes={'died': 618, 'timeout': 46, 'kill': 5, 'mutual': 4}
VAL observed_dqn s2 step=972800 kills=0/20 outcomes={'died': 20}
TRAIN observed_dqn s2 step=980000 outcomes={'died': 625, 'timeout': 46, 'kill': 5, 'mutual': 4}
TRAIN observed_dqn s2 step=990000 outcomes={'died': 630, 'timeout': 47, 'kill': 5, 'mutual': 4}
TRAIN observed_dqn s2 step=1000000 outcomes={'died': 637, 'timeout': 48, 'kill': 5, 'mutual': 4}
TRAIN observed_dqn s2 step=1010000 outcomes={'died': 643, 'timeout': 49, 'kill': 5, 'mutual': 4}
TRAIN observed_dqn s2 step=1020000 outcomes={'died': 648, 'timeout': 50, 'kill': 5, 'mutual': 4}
VAL observed_dqn s2 step=1024000 kills=0/20 outcomes={'died': 11, 'timeout': 9}
