==============================================================================
비행모델 프레임 단위 대조 (원시 조종입력, dtype=float64, 심은 프레임 36, 1 프레임 대조, 플랜트 stick, 기준 std, 위도 37.5665, CUDA 융합 커널)
==============================================================================

--- v0=450 kt  h0=20000 ft ---
  입력열                |du.|     |dv.|     |dw.|     |dp.|     |dq.|     |dr.|     FCS


     JSBSim Flight Dynamics Model v1.3.0 Apr  9 2026 10:00:08
            [JSBSim-ML v2.0]

JSBSim startup beginning ...

  hold            1.14e-04  1.43e-06  2.11e-04  5.89e-13  6.34e-10  1.27e-12 0.0e+00
  ail_step        1.14e-04  1.75e-05  2.10e-04  4.08e-08  6.72e-10  6.18e-10 0.0e+00
  ele_step        1.07e-04  1.43e-06  2.15e-04  5.14e-11  1.02e-08  2.92e-10 0.0e+00
  ele_doublet     1.08e-04  1.43e-06  2.14e-04  3.41e-11  2.33e-09  1.97e-10 1.4e-17
  rud_step        1.14e-04  1.90e-06  2.11e-04  2.11e-10  6.22e-10  5.26e-12 0.0e+00
  thr_ab          1.14e-04  1.43e-06  2.11e-04  1.16e-12  1.10e-09  4.62e-12 0.0e+00
  thr_idle        1.14e-04  1.43e-06  2.11e-04  3.89e-13  4.82e-10  1.02e-13 0.0e+00
  combo           1.08e-04  1.77e-05  2.13e-04  3.98e-08  6.37e-09  2.06e-09 0.0e+00
  ramp            1.11e-04  1.43e-06  2.13e-04  1.67e-11  6.47e-09  9.99e-11 0.0e+00
  full            1.06e-04  1.69e-05  2.14e-04  3.94e-08  1.40e-08  2.47e-09 0.0e+00
  rand0           1.17e-04  2.85e-05  2.07e-04  4.27e-08  4.02e-09  1.67e-10 0.0e+00
  rand1           1.10e-04  1.19e-05  2.13e-04  4.66e-08  1.10e-08  2.49e-09 0.0e+00
  rand2           1.16e-04  1.42e-05  2.10e-04  6.29e-08  1.15e-08  4.49e-09 0.0e+00

--- v0=350 kt  h0=10000 ft ---
  입력열                |du.|     |dv.|     |dw.|     |dp.|     |dq.|     |dr.|     FCS
  hold            3.31e-05  9.44e-07  2.12e-04  4.37e-13  3.80e-10  2.32e-12 0.0e+00
  ail_step        3.29e-05  1.48e-05  2.11e-04  1.68e-08  3.49e-10  7.82e-11 0.0e+00
  ele_step        2.70e-05  9.45e-07  2.13e-04  3.54e-11  6.10e-09  1.99e-10 0.0e+00
  ele_doublet     2.83e-05  9.45e-07  2.12e-04  2.39e-11  1.85e-09  1.36e-10 0.0e+00
  rud_step        3.31e-05  1.27e-06  2.12e-04  2.81e-10  3.71e-10  2.13e-11 0.0e+00
  thr_ab          3.31e-05  9.45e-07  2.12e-04  9.38e-13  6.21e-10  5.29e-12 0.0e+00
  thr_idle        3.31e-05  9.42e-07  2.12e-04  2.11e-13  2.75e-10  9.85e-13 0.0e+00
  combo           2.78e-05  1.49e-05  2.12e-04  1.65e-08  3.76e-09  6.44e-10 0.0e+00
  ramp            3.04e-05  9.45e-07  2.12e-04  1.17e-11  3.28e-09  6.80e-11 0.0e+00
  full            2.68e-05  1.43e-05  2.12e-04  1.67e-08  7.78e-09  8.25e-10 0.0e+00
  rand0           3.59e-05  2.43e-05  2.09e-04  1.78e-08  1.92e-09  4.46e-10 0.0e+00
  rand1           2.99e-05  9.80e-06  2.12e-04  1.92e-08  4.79e-09  7.63e-10 0.0e+00
  rand2           3.49e-05  1.17e-05  2.11e-04  2.78e-08  6.09e-09  1.06e-09 0.0e+00

--- v0=600 kt  h0=30000 ft ---
  입력열                |du.|     |dv.|     |dw.|     |dp.|     |dq.|     |dr.|     FCS
  hold            1.95e-04  2.32e-06  2.09e-04  1.46e-13  9.39e-10  1.93e-13 0.0e+00
  ail_step        1.95e-04  2.04e-05  2.07e-04  7.22e-08  2.27e-10  4.41e-10 0.0e+00
  ele_step        1.87e-04  2.33e-06  2.17e-04  7.12e-11  3.06e-09  4.04e-10 0.0e+00
  ele_doublet     1.89e-04  2.33e-06  2.15e-04  4.57e-11  6.54e-09  2.63e-10 0.0e+00
  rud_step        1.95e-04  2.95e-06  2.09e-04  2.75e-10  9.19e-10  3.88e-11 0.0e+00
  thr_ab          1.95e-04  2.32e-06  2.09e-04  3.93e-13  1.67e-09  3.16e-12 0.0e+00
  thr_idle        1.95e-04  2.32e-06  2.09e-04  2.99e-13  7.30e-10  1.15e-12 0.0e+00
  combo           1.88e-04  2.08e-05  2.14e-04  6.81e-08  7.07e-10  3.40e-09 0.0e+00
  ramp            1.92e-04  2.32e-06  2.12e-04  2.25e-11  7.45e-09  1.33e-10 0.0e+00
  full            1.87e-04  1.97e-05  2.16e-04  6.65e-08  5.84e-09  4.22e-09 0.0e+00
  rand0           1.98e-04  3.18e-05  2.03e-04  7.69e-08  1.31e-09  1.08e-09 0.0e+00
  rand1           1.92e-04  1.46e-05  2.12e-04  8.58e-08  1.16e-08  2.41e-09 0.0e+00
  rand2           1.96e-04  1.72e-05  2.07e-04  1.16e-07  1.24e-08  3.76e-09 0.0e+00

--- v0=320 kt  h0=5000 ft ---
  입력열                |du.|     |dv.|     |dw.|     |dp.|     |dq.|     |dr.|     FCS
  hold            6.62e-06  8.17e-07  2.11e-04  4.89e-13  2.56e-10  2.76e-12 0.0e+00
  ail_step        6.78e-06  1.45e-05  2.10e-04  9.30e-09  2.30e-10  4.81e-11 0.0e+00
  ele_step        1.25e-05  8.18e-07  2.11e-04  3.17e-11  3.62e-09  1.78e-10 0.0e+00
  ele_doublet     1.13e-05  8.18e-07  2.11e-04  2.14e-11  1.14e-09  1.22e-10 1.4e-17
  rud_step        6.62e-06  1.09e-06  2.11e-04  1.60e-10  2.49e-10  1.24e-11 0.0e+00
  thr_ab          6.64e-06  8.17e-07  2.11e-04  9.62e-13  3.99e-10  5.55e-12 0.0e+00
  thr_idle        6.66e-06  8.16e-07  2.11e-04  2.32e-13  1.83e-10  1.23e-12 0.0e+00
  combo           1.17e-05  1.45e-05  2.10e-04  9.13e-09  2.22e-09  4.13e-10 0.0e+00
  ramp            9.29e-06  8.18e-07  2.11e-04  1.04e-11  1.93e-09  6.05e-11 0.0e+00
  full            1.27e-05  1.41e-05  2.10e-04  9.28e-09  4.54e-09  5.36e-10 0.0e+00
  rand0           3.86e-06  2.38e-05  2.10e-04  9.87e-09  1.10e-09  2.48e-10 0.0e+00
  rand1           9.77e-06  9.39e-06  2.11e-04  1.07e-08  2.67e-09  4.46e-10 0.0e+00
  rand2           4.90e-06  1.12e-05  2.11e-04  1.59e-08  3.56e-09  6.37e-10 0.0e+00

==============================================================================
  양                최대 |오차|          임계   어디서
  udot           1.982e-04       1e-03   rand0 @ 600kt/30000ft
  vdot           3.182e-05       2e-04   rand0 @ 600kt/30000ft
  wdot           2.168e-04       1e-03   ele_step @ 600kt/30000ft
  pdot           1.161e-07       2e-04   rand2 @ 600kt/30000ft
  qdot           1.397e-08       1e-03   full @ 450kt/20000ft
  rdot           4.491e-09       2e-04   rand2 @ 450kt/20000ft
  ele_pos        1.388e-17       1e-09   ele_doublet @ 450kt/20000ft
  ail_pos        0.000e+00       1e-09   
  rud_pos        0.000e+00       1e-09   
  thrust         3.407e-06       1e-03   ail_step @ 600kt/30000ft
  n2             1.623e-09       1e-06   rand2 @ 450kt/20000ft

통과
