

     JSBSim Flight Dynamics Model v1.3.0 [GitHub build 1742/commit 01ea7816288dce9e9f6a1a6dc048014bc65d699e] Apr  9 2026 10:02:36
            [JSBSim-ML v2.0]

JSBSim startup beginning ...

VAL observed_dqn s1 step=0 kills=0/20 outcomes={'died': 20}
TRAIN observed_dqn s1 step=10000 outcomes={'died': 6, 'timeout': 1}
TRAIN observed_dqn s1 step=20000 outcomes={'died': 11, 'timeout': 2}
TRAIN observed_dqn s1 step=30000 outcomes={'died': 16, 'timeout': 3}
TRAIN observed_dqn s1 step=40000 outcomes={'died': 23, 'timeout': 3}
TRAIN observed_dqn s1 step=50000 outcomes={'died': 31, 'timeout': 3}
VAL observed_dqn s1 step=51200 kills=0/20 outcomes={'died': 16, 'timeout': 4}
TRAIN observed_dqn s1 step=60000 outcomes={'died': 41, 'timeout': 3}
TRAIN observed_dqn s1 step=70000 outcomes={'died': 51, 'timeout': 3}
TRAIN observed_dqn s1 step=80000 outcomes={'died': 58, 'timeout': 3}
TRAIN observed_dqn s1 step=90000 outcomes={'died': 68, 'timeout': 3}
TRAIN observed_dqn s1 step=100000 outcomes={'died': 74, 'timeout': 3}
VAL observed_dqn s1 step=102400 kills=0/20 outcomes={'died': 20}
TRAIN observed_dqn s1 step=110000 outcomes={'died': 81, 'timeout': 3}
TRAIN observed_dqn s1 step=120000 outcomes={'died': 92, 'timeout': 3}
TRAIN observed_dqn s1 step=130000 outcomes={'died': 100, 'timeout': 3}
TRAIN observed_dqn s1 step=140000 outcomes={'died': 108, 'timeout': 3}
TRAIN observed_dqn s1 step=150000 outcomes={'died': 117, 'timeout': 3}
VAL observed_dqn s1 step=153600 kills=0/20 outcomes={'died': 18, 'timeout': 2}
TRAIN observed_dqn s1 step=160000 outcomes={'died': 126, 'timeout': 3}
TRAIN observed_dqn s1 step=170000 outcomes={'died': 133, 'timeout': 3}
TRAIN observed_dqn s1 step=180000 outcomes={'died': 141, 'timeout': 3}
TRAIN observed_dqn s1 step=190000 outcomes={'died': 144, 'timeout': 5}
TRAIN observed_dqn s1 step=200000 outcomes={'died': 151, 'timeout': 5}
VAL observed_dqn s1 step=204800 kills=0/20 outcomes={'died': 20}
