

     JSBSim Flight Dynamics Model v1.3.0 [GitHub build 1742/commit 01ea7816288dce9e9f6a1a6dc048014bc65d699e] Apr  9 2026 10:02:36
            [JSBSim-ML v2.0]

JSBSim startup beginning ...

VAL observed_dqn s2 step=0 kills=0/20 outcomes={'died': 20}
TRAIN observed_dqn s2 step=10000 outcomes={'died': 3, 'timeout': 2}
TRAIN observed_dqn s2 step=20000 outcomes={'died': 9, 'timeout': 3}
TRAIN observed_dqn s2 step=30000 outcomes={'died': 16, 'timeout': 3}
TRAIN observed_dqn s2 step=40000 outcomes={'died': 25, 'timeout': 3}
TRAIN observed_dqn s2 step=50000 outcomes={'died': 34, 'timeout': 3}
VAL observed_dqn s2 step=51200 kills=0/20 outcomes={'died': 19, 'timeout': 1}
TRAIN observed_dqn s2 step=60000 outcomes={'died': 43, 'timeout': 3}
TRAIN observed_dqn s2 step=70000 outcomes={'died': 51, 'timeout': 3}
TRAIN observed_dqn s2 step=80000 outcomes={'died': 58, 'timeout': 3}
TRAIN observed_dqn s2 step=90000 outcomes={'died': 66, 'timeout': 3}
TRAIN observed_dqn s2 step=100000 outcomes={'died': 73, 'timeout': 3}
VAL observed_dqn s2 step=102400 kills=0/20 outcomes={'died': 19, 'timeout': 1}
TRAIN observed_dqn s2 step=110000 outcomes={'died': 81, 'timeout': 3}
TRAIN observed_dqn s2 step=120000 outcomes={'died': 88, 'timeout': 3}
TRAIN observed_dqn s2 step=130000 outcomes={'died': 94, 'timeout': 3}
TRAIN observed_dqn s2 step=140000 outcomes={'died': 101, 'timeout': 3}
TRAIN observed_dqn s2 step=150000 outcomes={'died': 108, 'timeout': 3}
VAL observed_dqn s2 step=153600 kills=0/20 outcomes={'died': 19, 'timeout': 1}
TRAIN observed_dqn s2 step=160000 outcomes={'died': 113, 'timeout': 4}
TRAIN observed_dqn s2 step=170000 outcomes={'died': 119, 'timeout': 5}
TRAIN observed_dqn s2 step=180000 outcomes={'died': 126, 'timeout': 5}
TRAIN observed_dqn s2 step=190000 outcomes={'died': 134, 'timeout': 5}
TRAIN observed_dqn s2 step=200000 outcomes={'died': 141, 'timeout': 5}
VAL observed_dqn s2 step=204800 kills=0/20 outcomes={'died': 20}
TRAIN observed_dqn s2 step=210000 outcomes={'died': 149, 'timeout': 5}
TRAIN observed_dqn s2 step=220000 outcomes={'died': 155, 'timeout': 5}
TRAIN observed_dqn s2 step=230000 outcomes={'died': 162, 'timeout': 5}
TRAIN observed_dqn s2 step=240000 outcomes={'died': 169, 'timeout': 5}
TRAIN observed_dqn s2 step=250000 outcomes={'died': 177, 'timeout': 5}
VAL observed_dqn s2 step=256000 kills=0/20 outcomes={'timeout': 20}
TRAIN observed_dqn s2 step=260000 outcomes={'died': 184, 'timeout': 5}
TRAIN observed_dqn s2 step=270000 outcomes={'died': 192, 'timeout': 5}
TRAIN observed_dqn s2 step=280000 outcomes={'died': 200, 'timeout': 5}
TRAIN observed_dqn s2 step=290000 outcomes={'died': 207, 'timeout': 5}
TRAIN observed_dqn s2 step=300000 outcomes={'died': 213, 'timeout': 5}
VAL observed_dqn s2 step=307200 kills=0/20 outcomes={'died': 20}
TRAIN observed_dqn s2 step=310000 outcomes={'died': 219, 'timeout': 6}
TRAIN observed_dqn s2 step=320000 outcomes={'died': 225, 'timeout': 7}
TRAIN observed_dqn s2 step=330000 outcomes={'died': 231, 'timeout': 8}
TRAIN observed_dqn s2 step=340000 outcomes={'died': 238, 'timeout': 8}
TRAIN observed_dqn s2 step=350000 outcomes={'died': 244, 'timeout': 8}
VAL observed_dqn s2 step=358400 kills=0/20 outcomes={'died': 18, 'timeout': 2}
TRAIN observed_dqn s2 step=360000 outcomes={'died': 252, 'timeout': 8}
TRAIN observed_dqn s2 step=370000 outcomes={'died': 258, 'timeout': 9}
TRAIN observed_dqn s2 step=380000 outcomes={'died': 264, 'timeout': 9}
TRAIN observed_dqn s2 step=390000 outcomes={'died': 271, 'timeout': 9}
TRAIN observed_dqn s2 step=400000 outcomes={'died': 278, 'timeout': 9}
VAL observed_dqn s2 step=409600 kills=0/20 outcomes={'died': 20}
TRAIN observed_dqn s2 step=410000 outcomes={'died': 282, 'timeout': 10}
TRAIN observed_dqn s2 step=420000 outcomes={'died': 288, 'timeout': 11}
TRAIN observed_dqn s2 step=430000 outcomes={'died': 292, 'timeout': 13}
TRAIN observed_dqn s2 step=440000 outcomes={'died': 298, 'timeout': 14}
TRAIN observed_dqn s2 step=450000 outcomes={'died': 302, 'timeout': 15}
TRAIN observed_dqn s2 step=460000 outcomes={'died': 310, 'timeout': 15}
VAL observed_dqn s2 step=460800 kills=0/20 outcomes={'died': 20}
TRAIN observed_dqn s2 step=470000 outcomes={'died': 316, 'timeout': 16}
TRAIN observed_dqn s2 step=480000 outcomes={'died': 323, 'timeout': 16}
TRAIN observed_dqn s2 step=490000 outcomes={'died': 330, 'timeout': 16}
TRAIN observed_dqn s2 step=500000 outcomes={'died': 338, 'timeout': 16}
TRAIN observed_dqn s2 step=510000 outcomes={'died': 344, 'timeout': 17}
VAL observed_dqn s2 step=512000 kills=0/20 outcomes={'died': 19, 'timeout': 1}
TRAIN observed_dqn s2 step=520000 outcomes={'died': 352, 'timeout': 17}
TRAIN observed_dqn s2 step=530000 outcomes={'died': 359, 'timeout': 17}
TRAIN observed_dqn s2 step=540000 outcomes={'died': 367, 'timeout': 17}
TRAIN observed_dqn s2 step=550000 outcomes={'died': 374, 'timeout': 17}
TRAIN observed_dqn s2 step=560000 outcomes={'died': 381, 'timeout': 17}
VAL observed_dqn s2 step=563200 kills=0/20 outcomes={'died': 20}
TRAIN observed_dqn s2 step=570000 outcomes={'died': 387, 'timeout': 17}
TRAIN observed_dqn s2 step=580000 outcomes={'died': 395, 'timeout': 17}
TRAIN observed_dqn s2 step=590000 outcomes={'died': 401, 'timeout': 17}
TRAIN observed_dqn s2 step=600000 outcomes={'died': 407, 'timeout': 18}
TRAIN observed_dqn s2 step=610000 outcomes={'died': 410, 'timeout': 20}
VAL observed_dqn s2 step=614400 kills=0/20 outcomes={'died': 20}
TRAIN observed_dqn s2 step=620000 outcomes={'died': 419, 'timeout': 20}
TRAIN observed_dqn s2 step=630000 outcomes={'died': 428, 'timeout': 20}
TRAIN observed_dqn s2 step=640000 outcomes={'died': 434, 'timeout': 20}
TRAIN observed_dqn s2 step=650000 outcomes={'died': 440, 'timeout': 20}
TRAIN observed_dqn s2 step=660000 outcomes={'died': 445, 'timeout': 21}
VAL observed_dqn s2 step=665600 kills=0/20 outcomes={'died': 20}
TRAIN observed_dqn s2 step=670000 outcomes={'died': 453, 'timeout': 21}
TRAIN observed_dqn s2 step=680000 outcomes={'died': 461, 'timeout': 21}
TRAIN observed_dqn s2 step=690000 outcomes={'died': 467, 'timeout': 21}
TRAIN observed_dqn s2 step=700000 outcomes={'died': 475, 'timeout': 22}
TRAIN observed_dqn s2 step=710000 outcomes={'died': 482, 'timeout': 23}
VAL observed_dqn s2 step=716800 kills=0/20 outcomes={'died': 15, 'timeout': 5}
TRAIN observed_dqn s2 step=720000 outcomes={'died': 488, 'timeout': 24}
TRAIN observed_dqn s2 step=730000 outcomes={'died': 495, 'timeout': 24}
TRAIN observed_dqn s2 step=740000 outcomes={'died': 502, 'timeout': 25}
TRAIN observed_dqn s2 step=750000 outcomes={'died': 508, 'timeout': 26}
TRAIN observed_dqn s2 step=760000 outcomes={'died': 516, 'timeout': 26}
VAL observed_dqn s2 step=768000 kills=0/20 outcomes={'died': 20}
TRAIN observed_dqn s2 step=770000 outcomes={'died': 522, 'timeout': 27}
TRAIN observed_dqn s2 step=780000 outcomes={'died': 528, 'timeout': 27}
TRAIN observed_dqn s2 step=790000 outcomes={'died': 536, 'timeout': 27}
TRAIN observed_dqn s2 step=800000 outcomes={'died': 541, 'timeout': 28}
TRAIN observed_dqn s2 step=810000 outcomes={'died': 545, 'timeout': 29}
VAL observed_dqn s2 step=819200 kills=0/20 outcomes={'timeout': 20}
TRAIN observed_dqn s2 step=820000 outcomes={'died': 551, 'timeout': 29}
TRAIN observed_dqn s2 step=830000 outcomes={'died': 558, 'timeout': 29}
TRAIN observed_dqn s2 step=840000 outcomes={'died': 563, 'timeout': 30}
TRAIN observed_dqn s2 step=850000 outcomes={'died': 570, 'timeout': 30}
TRAIN observed_dqn s2 step=860000 outcomes={'died': 578, 'timeout': 30}
TRAIN observed_dqn s2 step=870000 outcomes={'died': 585, 'timeout': 30}
VAL observed_dqn s2 step=870400 kills=0/20 outcomes={'died': 20}
TRAIN observed_dqn s2 step=880000 outcomes={'died': 593, 'timeout': 30}
TRAIN observed_dqn s2 step=890000 outcomes={'died': 598, 'timeout': 31}
TRAIN observed_dqn s2 step=900000 outcomes={'died': 605, 'timeout': 31}
TRAIN observed_dqn s2 step=910000 outcomes={'died': 610, 'timeout': 32}
TRAIN observed_dqn s2 step=920000 outcomes={'died': 616, 'timeout': 32}
VAL observed_dqn s2 step=921600 kills=0/20 outcomes={'died': 20}
TRAIN observed_dqn s2 step=930000 outcomes={'died': 621, 'timeout': 32}
TRAIN observed_dqn s2 step=940000 outcomes={'died': 625, 'timeout': 34}
TRAIN observed_dqn s2 step=950000 outcomes={'died': 632, 'timeout': 34}
TRAIN observed_dqn s2 step=960000 outcomes={'died': 639, 'timeout': 34}
TRAIN observed_dqn s2 step=970000 outcomes={'died': 647, 'timeout': 34}
VAL observed_dqn s2 step=972800 kills=0/20 outcomes={'died': 20}
TRAIN observed_dqn s2 step=980000 outcomes={'died': 654, 'timeout': 34}
TRAIN observed_dqn s2 step=990000 outcomes={'died': 661, 'timeout': 34}
TRAIN observed_dqn s2 step=1000000 outcomes={'died': 666, 'timeout': 35}
TRAIN observed_dqn s2 step=1010000 outcomes={'died': 673, 'timeout': 35}
TRAIN observed_dqn s2 step=1020000 outcomes={'died': 680, 'timeout': 35}
VAL observed_dqn s2 step=1024000 kills=0/20 outcomes={'timeout': 20}
