

     JSBSim Flight Dynamics Model v1.3.0 [GitHub build 1742/commit 01ea7816288dce9e9f6a1a6dc048014bc65d699e] Apr  9 2026 10:02:36
            [JSBSim-ML v2.0]

JSBSim startup beginning ...

VAL observed_dqn s1 step=0 kills=0/20 outcomes={'died': 20}
TRAIN observed_dqn s1 step=10000 outcomes={'died': 8}
TRAIN observed_dqn s1 step=20000 outcomes={'died': 15}
TRAIN observed_dqn s1 step=30000 outcomes={'died': 21}
TRAIN observed_dqn s1 step=40000 outcomes={'died': 27}
TRAIN observed_dqn s1 step=50000 outcomes={'died': 35}
VAL observed_dqn s1 step=51200 kills=0/20 outcomes={'died': 20}
TRAIN observed_dqn s1 step=60000 outcomes={'died': 41}
TRAIN observed_dqn s1 step=70000 outcomes={'died': 46}
TRAIN observed_dqn s1 step=80000 outcomes={'died': 50, 'timeout': 2}
TRAIN observed_dqn s1 step=90000 outcomes={'died': 54, 'timeout': 3}
TRAIN observed_dqn s1 step=100000 outcomes={'died': 60, 'timeout': 3}
VAL observed_dqn s1 step=102400 kills=0/20 outcomes={'died': 20}
TRAIN observed_dqn s1 step=110000 outcomes={'died': 65, 'timeout': 4}
TRAIN observed_dqn s1 step=120000 outcomes={'died': 71, 'timeout': 4}
TRAIN observed_dqn s1 step=130000 outcomes={'died': 76, 'timeout': 5}
TRAIN observed_dqn s1 step=140000 outcomes={'died': 83, 'timeout': 5}
TRAIN observed_dqn s1 step=150000 outcomes={'died': 91, 'timeout': 5}
VAL observed_dqn s1 step=153600 kills=0/20 outcomes={'died': 20}
TRAIN observed_dqn s1 step=160000 outcomes={'died': 98, 'timeout': 5}
TRAIN observed_dqn s1 step=170000 outcomes={'died': 106, 'timeout': 5}
TRAIN observed_dqn s1 step=180000 outcomes={'died': 113, 'timeout': 5}
TRAIN observed_dqn s1 step=190000 outcomes={'died': 118, 'timeout': 7}
TRAIN observed_dqn s1 step=200000 outcomes={'died': 123, 'timeout': 9}
VAL observed_dqn s1 step=204800 kills=0/20 outcomes={'died': 20}
TRAIN observed_dqn s1 step=210000 outcomes={'died': 128, 'timeout': 10}
TRAIN observed_dqn s1 step=220000 outcomes={'died': 136, 'timeout': 10}
TRAIN observed_dqn s1 step=230000 outcomes={'died': 143, 'timeout': 10}
TRAIN observed_dqn s1 step=240000 outcomes={'died': 151, 'timeout': 10}
TRAIN observed_dqn s1 step=250000 outcomes={'died': 158, 'timeout': 10}
VAL observed_dqn s1 step=256000 kills=0/20 outcomes={'died': 20}
TRAIN observed_dqn s1 step=260000 outcomes={'died': 164, 'timeout': 10}
TRAIN observed_dqn s1 step=270000 outcomes={'died': 170, 'timeout': 10}
TRAIN observed_dqn s1 step=280000 outcomes={'died': 175, 'timeout': 11}
TRAIN observed_dqn s1 step=290000 outcomes={'died': 181, 'timeout': 11}
TRAIN observed_dqn s1 step=300000 outcomes={'died': 188, 'timeout': 11}
VAL observed_dqn s1 step=307200 kills=0/20 outcomes={'died': 20}
TRAIN observed_dqn s1 step=310000 outcomes={'died': 194, 'timeout': 11}
TRAIN observed_dqn s1 step=320000 outcomes={'died': 201, 'timeout': 11}
TRAIN observed_dqn s1 step=330000 outcomes={'died': 206, 'timeout': 12}
TRAIN observed_dqn s1 step=340000 outcomes={'died': 211, 'timeout': 13}
TRAIN observed_dqn s1 step=350000 outcomes={'died': 218, 'timeout': 13}
VAL observed_dqn s1 step=358400 kills=0/20 outcomes={'died': 18, 'timeout': 2}
TRAIN observed_dqn s1 step=360000 outcomes={'died': 224, 'timeout': 14}
TRAIN observed_dqn s1 step=370000 outcomes={'died': 231, 'timeout': 14}
TRAIN observed_dqn s1 step=380000 outcomes={'died': 237, 'timeout': 14}
TRAIN observed_dqn s1 step=390000 outcomes={'died': 246, 'timeout': 14}
TRAIN observed_dqn s1 step=400000 outcomes={'died': 252, 'timeout': 15}
VAL observed_dqn s1 step=409600 kills=0/20 outcomes={'died': 20}
TRAIN observed_dqn s1 step=410000 outcomes={'died': 259, 'timeout': 15}
TRAIN observed_dqn s1 step=420000 outcomes={'died': 265, 'timeout': 15}
TRAIN observed_dqn s1 step=430000 outcomes={'died': 271, 'timeout': 15}
TRAIN observed_dqn s1 step=440000 outcomes={'died': 277, 'timeout': 16}
TRAIN observed_dqn s1 step=450000 outcomes={'died': 284, 'timeout': 16}
TRAIN observed_dqn s1 step=460000 outcomes={'died': 291, 'timeout': 16}
VAL observed_dqn s1 step=460800 kills=0/20 outcomes={'died': 7, 'timeout': 13}
TRAIN observed_dqn s1 step=470000 outcomes={'died': 297, 'timeout': 17}
TRAIN observed_dqn s1 step=480000 outcomes={'died': 302, 'timeout': 18}
TRAIN observed_dqn s1 step=490000 outcomes={'died': 308, 'timeout': 18}
TRAIN observed_dqn s1 step=500000 outcomes={'died': 313, 'timeout': 19}
TRAIN observed_dqn s1 step=510000 outcomes={'died': 320, 'timeout': 19}
VAL observed_dqn s1 step=512000 kills=0/20 outcomes={'died': 20}
TRAIN observed_dqn s1 step=520000 outcomes={'died': 327, 'timeout': 19}
TRAIN observed_dqn s1 step=530000 outcomes={'died': 333, 'timeout': 19}
TRAIN observed_dqn s1 step=540000 outcomes={'died': 340, 'timeout': 19}
TRAIN observed_dqn s1 step=550000 outcomes={'died': 345, 'timeout': 21}
TRAIN observed_dqn s1 step=560000 outcomes={'died': 353, 'timeout': 21}
VAL observed_dqn s1 step=563200 kills=0/20 outcomes={'died': 19, 'timeout': 1}
TRAIN observed_dqn s1 step=570000 outcomes={'died': 361, 'timeout': 21}
TRAIN observed_dqn s1 step=580000 outcomes={'died': 364, 'timeout': 23}
TRAIN observed_dqn s1 step=590000 outcomes={'died': 372, 'timeout': 23}
TRAIN observed_dqn s1 step=600000 outcomes={'died': 377, 'timeout': 24}
TRAIN observed_dqn s1 step=610000 outcomes={'died': 384, 'timeout': 24}
VAL observed_dqn s1 step=614400 kills=0/20 outcomes={'died': 12, 'timeout': 8}
TRAIN observed_dqn s1 step=620000 outcomes={'died': 392, 'timeout': 24}
TRAIN observed_dqn s1 step=630000 outcomes={'died': 399, 'timeout': 24}
TRAIN observed_dqn s1 step=640000 outcomes={'died': 406, 'timeout': 24}
TRAIN observed_dqn s1 step=650000 outcomes={'died': 414, 'timeout': 24}
TRAIN observed_dqn s1 step=660000 outcomes={'died': 419, 'timeout': 25}
VAL observed_dqn s1 step=665600 kills=0/20 outcomes={'died': 20}
TRAIN observed_dqn s1 step=670000 outcomes={'died': 426, 'timeout': 26}
TRAIN observed_dqn s1 step=680000 outcomes={'died': 432, 'timeout': 26}
TRAIN observed_dqn s1 step=690000 outcomes={'died': 439, 'timeout': 26}
TRAIN observed_dqn s1 step=700000 outcomes={'died': 445, 'timeout': 26}
TRAIN observed_dqn s1 step=710000 outcomes={'died': 451, 'timeout': 26}
VAL observed_dqn s1 step=716800 kills=0/20 outcomes={'died': 20}
TRAIN observed_dqn s1 step=720000 outcomes={'died': 455, 'timeout': 28}
TRAIN observed_dqn s1 step=730000 outcomes={'died': 461, 'timeout': 28}
TRAIN observed_dqn s1 step=740000 outcomes={'died': 467, 'timeout': 28}
TRAIN observed_dqn s1 step=750000 outcomes={'died': 474, 'timeout': 28}
TRAIN observed_dqn s1 step=760000 outcomes={'died': 479, 'timeout': 28}
VAL observed_dqn s1 step=768000 kills=0/20 outcomes={'died': 20}
TRAIN observed_dqn s1 step=770000 outcomes={'died': 483, 'timeout': 29}
TRAIN observed_dqn s1 step=780000 outcomes={'died': 489, 'timeout': 29}
TRAIN observed_dqn s1 step=790000 outcomes={'died': 495, 'timeout': 29}
TRAIN observed_dqn s1 step=800000 outcomes={'died': 501, 'timeout': 29}
TRAIN observed_dqn s1 step=810000 outcomes={'died': 507, 'timeout': 30}
VAL observed_dqn s1 step=819200 kills=0/20 outcomes={'died': 20}
TRAIN observed_dqn s1 step=820000 outcomes={'died': 513, 'timeout': 31}
TRAIN observed_dqn s1 step=830000 outcomes={'died': 520, 'timeout': 31}
TRAIN observed_dqn s1 step=840000 outcomes={'died': 527, 'timeout': 31}
TRAIN observed_dqn s1 step=850000 outcomes={'died': 534, 'timeout': 31}
TRAIN observed_dqn s1 step=860000 outcomes={'died': 541, 'timeout': 31}
TRAIN observed_dqn s1 step=870000 outcomes={'died': 550, 'timeout': 31}
VAL observed_dqn s1 step=870400 kills=0/20 outcomes={'died': 20}
TRAIN observed_dqn s1 step=880000 outcomes={'died': 557, 'timeout': 31}
TRAIN observed_dqn s1 step=890000 outcomes={'died': 564, 'timeout': 31}
TRAIN observed_dqn s1 step=900000 outcomes={'died': 572, 'timeout': 31}
TRAIN observed_dqn s1 step=910000 outcomes={'died': 579, 'timeout': 31}
TRAIN observed_dqn s1 step=920000 outcomes={'died': 587, 'timeout': 31}
VAL observed_dqn s1 step=921600 kills=0/20 outcomes={'died': 20}
TRAIN observed_dqn s1 step=930000 outcomes={'died': 593, 'timeout': 31}
TRAIN observed_dqn s1 step=940000 outcomes={'died': 600, 'timeout': 31}
TRAIN observed_dqn s1 step=950000 outcomes={'died': 606, 'timeout': 31}
TRAIN observed_dqn s1 step=960000 outcomes={'died': 614, 'timeout': 31}
TRAIN observed_dqn s1 step=970000 outcomes={'died': 621, 'timeout': 31}
VAL observed_dqn s1 step=972800 kills=0/20 outcomes={'died': 20}
TRAIN observed_dqn s1 step=980000 outcomes={'died': 627, 'timeout': 31}
TRAIN observed_dqn s1 step=990000 outcomes={'died': 634, 'timeout': 31}
TRAIN observed_dqn s1 step=1000000 outcomes={'died': 639, 'timeout': 31}
TRAIN observed_dqn s1 step=1010000 outcomes={'died': 641, 'timeout': 32, 'mutual': 1, 'kill': 2}
TRAIN observed_dqn s1 step=1020000 outcomes={'died': 647, 'timeout': 32, 'mutual': 1, 'kill': 2}
VAL observed_dqn s1 step=1024000 kills=9/20 outcomes={'died': 10, 'kill': 9, 'mutual': 1}
