

     JSBSim Flight Dynamics Model v1.3.0 [GitHub build 1742/commit 01ea7816288dce9e9f6a1a6dc048014bc65d699e] Apr  9 2026 10:02:36
            [JSBSim-ML v2.0]

JSBSim startup beginning ...

VAL step=1024000 wins=9/20
TRAIN 1034000/2048000
TRAIN 1044000/2048000
TRAIN 1054000/2048000
TRAIN 1064000/2048000
TRAIN 1074000/2048000
VAL step=1075200 wins=0/20
TRAIN 1084000/2048000
TRAIN 1094000/2048000
TRAIN 1104000/2048000
TRAIN 1114000/2048000
TRAIN 1124000/2048000
VAL step=1126400 wins=0/20
TRAIN 1134000/2048000
TRAIN 1144000/2048000
TRAIN 1154000/2048000
TRAIN 1164000/2048000
TRAIN 1174000/2048000
VAL step=1177600 wins=0/20
TRAIN 1184000/2048000
TRAIN 1194000/2048000
TRAIN 1204000/2048000
TRAIN 1214000/2048000
TRAIN 1224000/2048000
VAL step=1228800 wins=8/20
TRAIN 1234000/2048000
TRAIN 1244000/2048000
TRAIN 1254000/2048000
TRAIN 1264000/2048000
TRAIN 1274000/2048000
VAL step=1280000 wins=2/20
TRAIN 1284000/2048000
TRAIN 1294000/2048000
TRAIN 1304000/2048000
TRAIN 1314000/2048000
TRAIN 1324000/2048000
VAL step=1331200 wins=0/20
TRAIN 1334000/2048000
TRAIN 1344000/2048000
TRAIN 1354000/2048000
TRAIN 1364000/2048000
TRAIN 1374000/2048000
VAL step=1382400 wins=0/20
TRAIN 1384000/2048000
TRAIN 1394000/2048000
TRAIN 1404000/2048000
TRAIN 1414000/2048000
TRAIN 1424000/2048000
VAL step=1433600 wins=0/20
TRAIN 1434000/2048000
TRAIN 1444000/2048000
TRAIN 1454000/2048000
TRAIN 1464000/2048000
TRAIN 1474000/2048000
TRAIN 1484000/2048000
VAL step=1484800 wins=0/20
TRAIN 1494000/2048000
TRAIN 1504000/2048000
TRAIN 1514000/2048000
TRAIN 1524000/2048000
TRAIN 1534000/2048000
VAL step=1536000 wins=0/20
TRAIN 1544000/2048000
TRAIN 1554000/2048000
TRAIN 1564000/2048000
TRAIN 1574000/2048000
TRAIN 1584000/2048000
VAL step=1587200 wins=0/20
TRAIN 1594000/2048000
TRAIN 1604000/2048000
TRAIN 1614000/2048000
TRAIN 1624000/2048000
TRAIN 1634000/2048000
VAL step=1638400 wins=0/20
TRAIN 1644000/2048000
TRAIN 1654000/2048000
TRAIN 1664000/2048000
TRAIN 1674000/2048000
TRAIN 1684000/2048000
VAL step=1689600 wins=0/20
TRAIN 1694000/2048000
TRAIN 1704000/2048000
TRAIN 1714000/2048000
TRAIN 1724000/2048000
TRAIN 1734000/2048000
VAL step=1740800 wins=0/20
TRAIN 1744000/2048000
TRAIN 1754000/2048000
TRAIN 1764000/2048000
TRAIN 1774000/2048000
TRAIN 1784000/2048000
VAL step=1792000 wins=0/20
TRAIN 1794000/2048000
TRAIN 1804000/2048000
TRAIN 1814000/2048000
TRAIN 1824000/2048000
TRAIN 1834000/2048000
VAL step=1843200 wins=0/20
TRAIN 1844000/2048000
TRAIN 1854000/2048000
TRAIN 1864000/2048000
TRAIN 1874000/2048000
TRAIN 1884000/2048000
TRAIN 1894000/2048000
VAL step=1894400 wins=0/20
TRAIN 1904000/2048000
TRAIN 1914000/2048000
TRAIN 1924000/2048000
TRAIN 1934000/2048000
TRAIN 1944000/2048000
VAL step=1945600 wins=0/20
TRAIN 1954000/2048000
TRAIN 1964000/2048000
TRAIN 1974000/2048000
TRAIN 1984000/2048000
TRAIN 1994000/2048000
VAL step=1996800 wins=0/20
TRAIN 2004000/2048000
TRAIN 2014000/2048000
TRAIN 2024000/2048000
TRAIN 2034000/2048000
TRAIN 2044000/2048000
VAL step=2048000 wins=8/20
