

     JSBSim Flight Dynamics Model v1.3.0 [GitHub build 1742/commit 01ea7816288dce9e9f6a1a6dc048014bc65d699e] Apr  9 2026 10:02:36
            [JSBSim-ML v2.0]

JSBSim startup beginning ...

VAL control_dqn s2 step=0 kills=0/20 outcomes={'died': 20}
TRAIN control_dqn s2 step=10000 outcomes={'died': 8}
TRAIN control_dqn s2 step=20000 outcomes={'died': 16}
TRAIN control_dqn s2 step=30000 outcomes={'died': 23}
TRAIN control_dqn s2 step=40000 outcomes={'died': 28, 'timeout': 1}
TRAIN control_dqn s2 step=50000 outcomes={'died': 33, 'timeout': 2}
VAL control_dqn s2 step=51200 kills=0/20 outcomes={'died': 20}
TRAIN control_dqn s2 step=60000 outcomes={'died': 41, 'timeout': 2}
TRAIN control_dqn s2 step=70000 outcomes={'died': 49, 'timeout': 2}
TRAIN control_dqn s2 step=80000 outcomes={'died': 55, 'timeout': 2}
TRAIN control_dqn s2 step=90000 outcomes={'died': 63, 'timeout': 2}
TRAIN control_dqn s2 step=100000 outcomes={'died': 69, 'timeout': 2}
VAL control_dqn s2 step=102400 kills=0/20 outcomes={'died': 20}
TRAIN control_dqn s2 step=110000 outcomes={'died': 77, 'timeout': 2}
TRAIN control_dqn s2 step=120000 outcomes={'died': 83, 'timeout': 2}
TRAIN control_dqn s2 step=130000 outcomes={'died': 88, 'timeout': 3}
TRAIN control_dqn s2 step=140000 outcomes={'died': 96, 'timeout': 3}
TRAIN control_dqn s2 step=150000 outcomes={'died': 103, 'timeout': 3}
VAL control_dqn s2 step=153600 kills=0/20 outcomes={'died': 18, 'timeout': 2}
TRAIN control_dqn s2 step=160000 outcomes={'died': 108, 'timeout': 4}
TRAIN control_dqn s2 step=170000 outcomes={'died': 112, 'timeout': 6}
TRAIN control_dqn s2 step=180000 outcomes={'died': 119, 'timeout': 6}
TRAIN control_dqn s2 step=190000 outcomes={'died': 126, 'timeout': 6}
TRAIN control_dqn s2 step=200000 outcomes={'died': 133, 'timeout': 6}
VAL control_dqn s2 step=204800 kills=0/20 outcomes={'died': 20}
