

     JSBSim Flight Dynamics Model v1.3.0 [GitHub build 1742/commit 01ea7816288dce9e9f6a1a6dc048014bc65d699e] Apr  9 2026 10:02:36
            [JSBSim-ML v2.0]

JSBSim startup beginning ...

VAL control_dqn s1 step=0 kills=0/20 outcomes={'died': 20}
TRAIN control_dqn s1 step=10000 outcomes={'died': 7}
TRAIN control_dqn s1 step=20000 outcomes={'died': 12, 'timeout': 1}
TRAIN control_dqn s1 step=30000 outcomes={'died': 19, 'timeout': 1}
TRAIN control_dqn s1 step=40000 outcomes={'died': 27, 'timeout': 1}
TRAIN control_dqn s1 step=50000 outcomes={'died': 34, 'timeout': 1}
VAL control_dqn s1 step=51200 kills=0/20 outcomes={'died': 20}
TRAIN control_dqn s1 step=60000 outcomes={'died': 42, 'timeout': 1}
TRAIN control_dqn s1 step=70000 outcomes={'died': 49, 'timeout': 1}
TRAIN control_dqn s1 step=80000 outcomes={'died': 54, 'timeout': 2}
TRAIN control_dqn s1 step=90000 outcomes={'died': 61, 'timeout': 2}
TRAIN control_dqn s1 step=100000 outcomes={'died': 66, 'timeout': 3}
VAL control_dqn s1 step=102400 kills=0/20 outcomes={'died': 20}
TRAIN control_dqn s1 step=110000 outcomes={'died': 70, 'timeout': 4}
TRAIN control_dqn s1 step=120000 outcomes={'died': 76, 'timeout': 4}
TRAIN control_dqn s1 step=130000 outcomes={'died': 82, 'timeout': 4}
TRAIN control_dqn s1 step=140000 outcomes={'died': 88, 'timeout': 5}
TRAIN control_dqn s1 step=150000 outcomes={'died': 93, 'timeout': 6}
VAL control_dqn s1 step=153600 kills=0/20 outcomes={'died': 16, 'timeout': 4}
TRAIN control_dqn s1 step=160000 outcomes={'died': 99, 'timeout': 7}
TRAIN control_dqn s1 step=170000 outcomes={'died': 106, 'timeout': 7}
TRAIN control_dqn s1 step=180000 outcomes={'died': 113, 'timeout': 7}
TRAIN control_dqn s1 step=190000 outcomes={'died': 120, 'timeout': 7}
TRAIN control_dqn s1 step=200000 outcomes={'died': 127, 'timeout': 7}
VAL control_dqn s1 step=204800 kills=0/20 outcomes={'died': 20}
