

     JSBSim Flight Dynamics Model v1.3.0 [GitHub build 1742/commit 01ea7816288dce9e9f6a1a6dc048014bc65d699e] Apr  9 2026 10:02:36
            [JSBSim-ML v2.0]

JSBSim startup beginning ...

VAL observed_dqn s2 step=0 kills=0/20 outcomes={'died': 20}
TRAIN observed_dqn s2 step=10000 outcomes={'died': 4, 'timeout': 2}
TRAIN observed_dqn s2 step=20000 outcomes={'died': 12, 'timeout': 2}
TRAIN observed_dqn s2 step=30000 outcomes={'died': 18, 'timeout': 2}
TRAIN observed_dqn s2 step=40000 outcomes={'died': 23, 'timeout': 3}
TRAIN observed_dqn s2 step=50000 outcomes={'died': 30, 'timeout': 3}
VAL observed_dqn s2 step=51200 kills=0/20 outcomes={'died': 19, 'timeout': 1}
TRAIN observed_dqn s2 step=60000 outcomes={'died': 37, 'timeout': 3}
TRAIN observed_dqn s2 step=70000 outcomes={'died': 43, 'timeout': 4}
TRAIN observed_dqn s2 step=80000 outcomes={'died': 49, 'timeout': 4}
TRAIN observed_dqn s2 step=90000 outcomes={'died': 57, 'timeout': 4}
TRAIN observed_dqn s2 step=100000 outcomes={'died': 64, 'timeout': 4}
VAL observed_dqn s2 step=102400 kills=0/20 outcomes={'died': 19, 'timeout': 1}
TRAIN observed_dqn s2 step=110000 outcomes={'died': 72, 'timeout': 4}
TRAIN observed_dqn s2 step=120000 outcomes={'died': 81, 'timeout': 4}
TRAIN observed_dqn s2 step=130000 outcomes={'died': 88, 'timeout': 4}
TRAIN observed_dqn s2 step=140000 outcomes={'died': 95, 'timeout': 4}
TRAIN observed_dqn s2 step=150000 outcomes={'died': 101, 'timeout': 5}
VAL observed_dqn s2 step=153600 kills=0/20 outcomes={'died': 20}
TRAIN observed_dqn s2 step=160000 outcomes={'died': 110, 'timeout': 5}
TRAIN observed_dqn s2 step=170000 outcomes={'died': 118, 'timeout': 5}
TRAIN observed_dqn s2 step=180000 outcomes={'died': 126, 'timeout': 5}
TRAIN observed_dqn s2 step=190000 outcomes={'died': 133, 'timeout': 5}
TRAIN observed_dqn s2 step=200000 outcomes={'died': 140, 'timeout': 5}
VAL observed_dqn s2 step=204800 kills=6/20 outcomes={'died': 12, 'kill': 6, 'mutual': 1, 'timeout': 1}
