

     JSBSim Flight Dynamics Model v1.3.0 [GitHub build 1742/commit 01ea7816288dce9e9f6a1a6dc048014bc65d699e] Apr  9 2026 10:02:36
            [JSBSim-ML v2.0]

JSBSim startup beginning ...

VAL observed_dqn s0 step=0 kills=0/20 outcomes={'died': 20}
TRAIN observed_dqn s0 step=10000 outcomes={'died': 7}
TRAIN observed_dqn s0 step=20000 outcomes={'died': 13, 'timeout': 1}
TRAIN observed_dqn s0 step=30000 outcomes={'died': 18, 'timeout': 2}
TRAIN observed_dqn s0 step=40000 outcomes={'died': 22, 'timeout': 3}
TRAIN observed_dqn s0 step=50000 outcomes={'died': 26, 'timeout': 4}
VAL observed_dqn s0 step=51200 kills=0/20 outcomes={'died': 20}
TRAIN observed_dqn s0 step=60000 outcomes={'died': 32, 'timeout': 5}
TRAIN observed_dqn s0 step=70000 outcomes={'died': 36, 'timeout': 6}
TRAIN observed_dqn s0 step=80000 outcomes={'died': 43, 'timeout': 6}
TRAIN observed_dqn s0 step=90000 outcomes={'died': 51, 'timeout': 6}
TRAIN observed_dqn s0 step=100000 outcomes={'died': 59, 'timeout': 6}
VAL observed_dqn s0 step=102400 kills=0/20 outcomes={'died': 20}
TRAIN observed_dqn s0 step=110000 outcomes={'died': 68, 'timeout': 6}
TRAIN observed_dqn s0 step=120000 outcomes={'died': 74, 'timeout': 7}
TRAIN observed_dqn s0 step=130000 outcomes={'died': 83, 'timeout': 7}
TRAIN observed_dqn s0 step=140000 outcomes={'died': 91, 'timeout': 8}
TRAIN observed_dqn s0 step=150000 outcomes={'died': 100, 'timeout': 8}
VAL observed_dqn s0 step=153600 kills=0/20 outcomes={'died': 20}
TRAIN observed_dqn s0 step=160000 outcomes={'died': 109, 'timeout': 8}
TRAIN observed_dqn s0 step=170000 outcomes={'died': 119, 'timeout': 8}
TRAIN observed_dqn s0 step=180000 outcomes={'died': 124, 'timeout': 9}
TRAIN observed_dqn s0 step=190000 outcomes={'died': 132, 'timeout': 9}
TRAIN observed_dqn s0 step=200000 outcomes={'died': 141, 'timeout': 9}
VAL observed_dqn s0 step=204800 kills=0/20 outcomes={'died': 20}
