

     JSBSim Flight Dynamics Model v1.3.0 [GitHub build 1742/commit 01ea7816288dce9e9f6a1a6dc048014bc65d699e] Apr  9 2026 10:02:36
            [JSBSim-ML v2.0]

JSBSim startup beginning ...

VAL control_dqn s0 step=0 kills=0/20 outcomes={'died': 18, 'timeout': 2}
TRAIN control_dqn s0 step=10000 outcomes={'died': 6}
TRAIN control_dqn s0 step=20000 outcomes={'died': 14}
TRAIN control_dqn s0 step=30000 outcomes={'died': 18, 'timeout': 2}
TRAIN control_dqn s0 step=40000 outcomes={'died': 24, 'timeout': 2}
TRAIN control_dqn s0 step=50000 outcomes={'died': 30, 'timeout': 2}
VAL control_dqn s0 step=51200 kills=0/20 outcomes={'died': 20}
TRAIN control_dqn s0 step=60000 outcomes={'died': 36, 'timeout': 2}
TRAIN control_dqn s0 step=70000 outcomes={'died': 45, 'timeout': 2}
TRAIN control_dqn s0 step=80000 outcomes={'died': 52, 'timeout': 2}
TRAIN control_dqn s0 step=90000 outcomes={'died': 61, 'timeout': 2}
TRAIN control_dqn s0 step=100000 outcomes={'died': 68, 'timeout': 2}
VAL control_dqn s0 step=102400 kills=0/20 outcomes={'died': 20}
TRAIN control_dqn s0 step=110000 outcomes={'died': 75, 'timeout': 2}
TRAIN control_dqn s0 step=120000 outcomes={'died': 80, 'timeout': 3}
TRAIN control_dqn s0 step=130000 outcomes={'died': 90, 'timeout': 3}
TRAIN control_dqn s0 step=140000 outcomes={'died': 100, 'timeout': 3}
TRAIN control_dqn s0 step=150000 outcomes={'died': 107, 'timeout': 3}
VAL control_dqn s0 step=153600 kills=0/20 outcomes={'died': 20}
TRAIN control_dqn s0 step=160000 outcomes={'died': 113, 'timeout': 3}
TRAIN control_dqn s0 step=170000 outcomes={'died': 119, 'timeout': 3}
TRAIN control_dqn s0 step=180000 outcomes={'died': 126, 'timeout': 3}
TRAIN control_dqn s0 step=190000 outcomes={'died': 133, 'timeout': 3}
TRAIN control_dqn s0 step=200000 outcomes={'died': 135, 'timeout': 6}
VAL control_dqn s0 step=204800 kills=0/20 outcomes={'timeout': 20}
