

     JSBSim Flight Dynamics Model v1.3.0 [GitHub build 1742/commit 01ea7816288dce9e9f6a1a6dc048014bc65d699e] Apr  9 2026 10:02:36
            [JSBSim-ML v2.0]

JSBSim startup beginning ...

VAL observed_dqn s2 step=0 kills=0/20 outcomes={'died': 20}
TRAIN observed_dqn s2 step=10000 outcomes={'died': 4, 'timeout': 2}
TRAIN observed_dqn s2 step=20000 outcomes={'died': 12, 'timeout': 2}
TRAIN observed_dqn s2 step=30000 outcomes={'died': 19, 'timeout': 2}
TRAIN observed_dqn s2 step=40000 outcomes={'died': 25, 'timeout': 3}
TRAIN observed_dqn s2 step=50000 outcomes={'died': 30, 'timeout': 4}
VAL observed_dqn s2 step=51200 kills=0/20 outcomes={'died': 20}
TRAIN observed_dqn s2 step=60000 outcomes={'died': 33, 'timeout': 6}
TRAIN observed_dqn s2 step=70000 outcomes={'died': 40, 'timeout': 7}
TRAIN observed_dqn s2 step=80000 outcomes={'died': 45, 'timeout': 8}
TRAIN observed_dqn s2 step=90000 outcomes={'died': 53, 'timeout': 8}
TRAIN observed_dqn s2 step=100000 outcomes={'died': 59, 'timeout': 8}
VAL observed_dqn s2 step=102400 kills=0/20 outcomes={'died': 17, 'timeout': 3}
TRAIN observed_dqn s2 step=110000 outcomes={'died': 66, 'timeout': 8}
TRAIN observed_dqn s2 step=120000 outcomes={'died': 72, 'timeout': 8}
TRAIN observed_dqn s2 step=130000 outcomes={'died': 78, 'timeout': 8}
TRAIN observed_dqn s2 step=140000 outcomes={'died': 85, 'timeout': 8}
TRAIN observed_dqn s2 step=150000 outcomes={'died': 90, 'timeout': 9}
VAL observed_dqn s2 step=153600 kills=0/20 outcomes={'died': 20}
TRAIN observed_dqn s2 step=160000 outcomes={'died': 98, 'timeout': 9}
TRAIN observed_dqn s2 step=170000 outcomes={'died': 104, 'timeout': 10}
TRAIN observed_dqn s2 step=180000 outcomes={'died': 112, 'timeout': 10}
TRAIN observed_dqn s2 step=190000 outcomes={'died': 119, 'timeout': 10}
TRAIN observed_dqn s2 step=200000 outcomes={'died': 127, 'timeout': 10}
VAL observed_dqn s2 step=204800 kills=0/20 outcomes={'died': 20}
TRAIN observed_dqn s2 step=210000 outcomes={'died': 135, 'timeout': 11}
TRAIN observed_dqn s2 step=220000 outcomes={'died': 144, 'timeout': 11}
TRAIN observed_dqn s2 step=230000 outcomes={'died': 153, 'timeout': 11}
TRAIN observed_dqn s2 step=240000 outcomes={'died': 162, 'timeout': 11}
TRAIN observed_dqn s2 step=250000 outcomes={'died': 169, 'timeout': 11}
VAL observed_dqn s2 step=256000 kills=0/20 outcomes={'died': 20}
TRAIN observed_dqn s2 step=260000 outcomes={'died': 177, 'timeout': 11}
TRAIN observed_dqn s2 step=270000 outcomes={'died': 187, 'timeout': 11}
TRAIN observed_dqn s2 step=280000 outcomes={'died': 194, 'timeout': 11}
TRAIN observed_dqn s2 step=290000 outcomes={'died': 202, 'timeout': 11}
TRAIN observed_dqn s2 step=300000 outcomes={'died': 208, 'timeout': 11}
VAL observed_dqn s2 step=307200 kills=0/20 outcomes={'died': 20}
TRAIN observed_dqn s2 step=310000 outcomes={'died': 215, 'timeout': 11}
TRAIN observed_dqn s2 step=320000 outcomes={'died': 222, 'timeout': 11}
TRAIN observed_dqn s2 step=330000 outcomes={'died': 229, 'timeout': 12}
TRAIN observed_dqn s2 step=340000 outcomes={'died': 237, 'timeout': 12}
TRAIN observed_dqn s2 step=350000 outcomes={'died': 245, 'timeout': 12}
VAL observed_dqn s2 step=358400 kills=0/20 outcomes={'died': 20}
TRAIN observed_dqn s2 step=360000 outcomes={'died': 249, 'timeout': 14}
TRAIN observed_dqn s2 step=370000 outcomes={'died': 259, 'timeout': 14}
TRAIN observed_dqn s2 step=380000 outcomes={'died': 264, 'timeout': 15}
TRAIN observed_dqn s2 step=390000 outcomes={'died': 269, 'timeout': 16}
TRAIN observed_dqn s2 step=400000 outcomes={'died': 276, 'timeout': 16}
VAL observed_dqn s2 step=409600 kills=0/20 outcomes={'died': 20}
TRAIN observed_dqn s2 step=410000 outcomes={'died': 284, 'timeout': 16}
TRAIN observed_dqn s2 step=420000 outcomes={'died': 291, 'timeout': 16}
TRAIN observed_dqn s2 step=430000 outcomes={'died': 296, 'timeout': 17}
TRAIN observed_dqn s2 step=440000 outcomes={'died': 303, 'timeout': 17}
TRAIN observed_dqn s2 step=450000 outcomes={'died': 308, 'timeout': 18}
TRAIN observed_dqn s2 step=460000 outcomes={'died': 314, 'timeout': 18}
VAL observed_dqn s2 step=460800 kills=0/20 outcomes={'died': 17, 'timeout': 3}
TRAIN observed_dqn s2 step=470000 outcomes={'died': 320, 'timeout': 18}
TRAIN observed_dqn s2 step=480000 outcomes={'died': 327, 'timeout': 18}
TRAIN observed_dqn s2 step=490000 outcomes={'died': 336, 'timeout': 18}
TRAIN observed_dqn s2 step=500000 outcomes={'died': 343, 'timeout': 18}
TRAIN observed_dqn s2 step=510000 outcomes={'died': 348, 'timeout': 20}
VAL observed_dqn s2 step=512000 kills=0/20 outcomes={'died': 6, 'timeout': 14}
TRAIN observed_dqn s2 step=520000 outcomes={'died': 354, 'timeout': 20}
TRAIN observed_dqn s2 step=530000 outcomes={'died': 358, 'timeout': 21}
TRAIN observed_dqn s2 step=540000 outcomes={'died': 364, 'timeout': 21}
TRAIN observed_dqn s2 step=550000 outcomes={'died': 370, 'timeout': 21}
TRAIN observed_dqn s2 step=560000 outcomes={'died': 375, 'timeout': 22}
VAL observed_dqn s2 step=563200 kills=0/20 outcomes={'died': 12, 'timeout': 8}
TRAIN observed_dqn s2 step=570000 outcomes={'died': 382, 'timeout': 22}
TRAIN observed_dqn s2 step=580000 outcomes={'died': 388, 'timeout': 22}
TRAIN observed_dqn s2 step=590000 outcomes={'died': 394, 'timeout': 22}
TRAIN observed_dqn s2 step=600000 outcomes={'died': 401, 'timeout': 22}
TRAIN observed_dqn s2 step=610000 outcomes={'died': 406, 'timeout': 23}
VAL observed_dqn s2 step=614400 kills=0/20 outcomes={'died': 20}
TRAIN observed_dqn s2 step=620000 outcomes={'died': 411, 'timeout': 24}
TRAIN observed_dqn s2 step=630000 outcomes={'died': 417, 'timeout': 24}
TRAIN observed_dqn s2 step=640000 outcomes={'died': 423, 'timeout': 24}
TRAIN observed_dqn s2 step=650000 outcomes={'died': 431, 'timeout': 24}
TRAIN observed_dqn s2 step=660000 outcomes={'died': 438, 'timeout': 24}
VAL observed_dqn s2 step=665600 kills=1/20 outcomes={'died': 14, 'kill': 1, 'timeout': 5}
TRAIN observed_dqn s2 step=670000 outcomes={'died': 447, 'timeout': 24}
TRAIN observed_dqn s2 step=680000 outcomes={'died': 457, 'timeout': 24}
TRAIN observed_dqn s2 step=690000 outcomes={'died': 466, 'timeout': 24}
TRAIN observed_dqn s2 step=700000 outcomes={'died': 470, 'timeout': 25}
TRAIN observed_dqn s2 step=710000 outcomes={'died': 477, 'timeout': 26}
VAL observed_dqn s2 step=716800 kills=0/20 outcomes={'died': 16, 'timeout': 4}
TRAIN observed_dqn s2 step=720000 outcomes={'died': 485, 'timeout': 26}
TRAIN observed_dqn s2 step=730000 outcomes={'died': 494, 'timeout': 26}
TRAIN observed_dqn s2 step=740000 outcomes={'died': 499, 'timeout': 27, 'kill': 1}
TRAIN observed_dqn s2 step=750000 outcomes={'died': 506, 'timeout': 27, 'kill': 1}
TRAIN observed_dqn s2 step=760000 outcomes={'died': 514, 'timeout': 27, 'kill': 1}
VAL observed_dqn s2 step=768000 kills=0/20 outcomes={'died': 18, 'timeout': 2}
TRAIN observed_dqn s2 step=770000 outcomes={'died': 519, 'timeout': 28, 'kill': 1}
TRAIN observed_dqn s2 step=780000 outcomes={'died': 524, 'timeout': 29, 'kill': 2}
TRAIN observed_dqn s2 step=790000 outcomes={'died': 532, 'timeout': 29, 'kill': 2}
TRAIN observed_dqn s2 step=800000 outcomes={'died': 541, 'timeout': 29, 'kill': 2, 'mutual': 1}
TRAIN observed_dqn s2 step=810000 outcomes={'died': 549, 'timeout': 30, 'kill': 2, 'mutual': 1}
VAL observed_dqn s2 step=819200 kills=0/20 outcomes={'died': 18, 'mutual': 1, 'timeout': 1}
TRAIN observed_dqn s2 step=820000 outcomes={'died': 556, 'timeout': 31, 'kill': 3, 'mutual': 1}
TRAIN observed_dqn s2 step=830000 outcomes={'died': 561, 'timeout': 32, 'kill': 3, 'mutual': 1}
TRAIN observed_dqn s2 step=840000 outcomes={'died': 568, 'timeout': 32, 'kill': 3, 'mutual': 1}
TRAIN observed_dqn s2 step=850000 outcomes={'died': 571, 'timeout': 34, 'kill': 3, 'mutual': 1}
TRAIN observed_dqn s2 step=860000 outcomes={'died': 574, 'timeout': 37, 'kill': 3, 'mutual': 1}
TRAIN observed_dqn s2 step=870000 outcomes={'died': 579, 'timeout': 38, 'kill': 3, 'mutual': 1}
VAL observed_dqn s2 step=870400 kills=0/20 outcomes={'died': 20}
TRAIN observed_dqn s2 step=880000 outcomes={'died': 585, 'timeout': 38, 'kill': 3, 'mutual': 1}
TRAIN observed_dqn s2 step=890000 outcomes={'died': 592, 'timeout': 38, 'kill': 3, 'mutual': 1}
TRAIN observed_dqn s2 step=900000 outcomes={'died': 600, 'timeout': 38, 'kill': 3, 'mutual': 2}
TRAIN observed_dqn s2 step=910000 outcomes={'died': 608, 'timeout': 38, 'kill': 3, 'mutual': 2}
TRAIN observed_dqn s2 step=920000 outcomes={'died': 612, 'timeout': 40, 'kill': 3, 'mutual': 2}
VAL observed_dqn s2 step=921600 kills=0/20 outcomes={'died': 20}
TRAIN observed_dqn s2 step=930000 outcomes={'died': 616, 'timeout': 42, 'kill': 3, 'mutual': 2}
TRAIN observed_dqn s2 step=940000 outcomes={'died': 619, 'timeout': 44, 'kill': 3, 'mutual': 2}
TRAIN observed_dqn s2 step=950000 outcomes={'died': 623, 'timeout': 45, 'kill': 3, 'mutual': 3}
TRAIN observed_dqn s2 step=960000 outcomes={'died': 632, 'timeout': 45, 'kill': 3, 'mutual': 3}
TRAIN observed_dqn s2 step=970000 outcomes={'died': 636, 'timeout': 46, 'kill': 3, 'mutual': 3}
VAL observed_dqn s2 step=972800 kills=0/20 outcomes={'died': 7, 'timeout': 13}
TRAIN observed_dqn s2 step=980000 outcomes={'died': 642, 'timeout': 47, 'kill': 3, 'mutual': 3}
TRAIN observed_dqn s2 step=990000 outcomes={'died': 651, 'timeout': 47, 'kill': 3, 'mutual': 3}
TRAIN observed_dqn s2 step=1000000 outcomes={'died': 655, 'timeout': 49, 'kill': 3, 'mutual': 3}
TRAIN observed_dqn s2 step=1010000 outcomes={'died': 659, 'timeout': 49, 'kill': 3, 'mutual': 5}
TRAIN observed_dqn s2 step=1020000 outcomes={'died': 664, 'timeout': 51, 'kill': 3, 'mutual': 6}
VAL observed_dqn s2 step=1024000 kills=0/20 outcomes={'died': 20}
