

     JSBSim Flight Dynamics Model v1.3.0 [GitHub build 1742/commit 01ea7816288dce9e9f6a1a6dc048014bc65d699e] Apr  9 2026 10:02:36
            [JSBSim-ML v2.0]

JSBSim startup beginning ...

VAL observed_dqn s0 step=0 kills=0/20 outcomes={'died': 20}
TRAIN observed_dqn s0 step=10000 outcomes={'died': 7}
TRAIN observed_dqn s0 step=20000 outcomes={'died': 13, 'timeout': 1}
TRAIN observed_dqn s0 step=30000 outcomes={'died': 18, 'timeout': 2}
TRAIN observed_dqn s0 step=40000 outcomes={'died': 22, 'timeout': 3}
TRAIN observed_dqn s0 step=50000 outcomes={'died': 26, 'timeout': 4}
VAL observed_dqn s0 step=51200 kills=0/20 outcomes={'died': 20}
TRAIN observed_dqn s0 step=60000 outcomes={'died': 32, 'timeout': 5}
TRAIN observed_dqn s0 step=70000 outcomes={'died': 36, 'timeout': 6}
TRAIN observed_dqn s0 step=80000 outcomes={'died': 43, 'timeout': 6}
TRAIN observed_dqn s0 step=90000 outcomes={'died': 51, 'timeout': 6}
TRAIN observed_dqn s0 step=100000 outcomes={'died': 59, 'timeout': 6}
VAL observed_dqn s0 step=102400 kills=0/20 outcomes={'died': 20}
TRAIN observed_dqn s0 step=110000 outcomes={'died': 68, 'timeout': 6}
TRAIN observed_dqn s0 step=120000 outcomes={'died': 74, 'timeout': 7}
TRAIN observed_dqn s0 step=130000 outcomes={'died': 83, 'timeout': 7}
TRAIN observed_dqn s0 step=140000 outcomes={'died': 91, 'timeout': 8}
TRAIN observed_dqn s0 step=150000 outcomes={'died': 100, 'timeout': 8}
VAL observed_dqn s0 step=153600 kills=0/20 outcomes={'died': 20}
TRAIN observed_dqn s0 step=160000 outcomes={'died': 109, 'timeout': 8}
TRAIN observed_dqn s0 step=170000 outcomes={'died': 119, 'timeout': 8}
TRAIN observed_dqn s0 step=180000 outcomes={'died': 124, 'timeout': 9}
TRAIN observed_dqn s0 step=190000 outcomes={'died': 132, 'timeout': 9}
TRAIN observed_dqn s0 step=200000 outcomes={'died': 141, 'timeout': 9}
VAL observed_dqn s0 step=204800 kills=0/20 outcomes={'died': 20}
TRAIN observed_dqn s0 step=210000 outcomes={'died': 148, 'timeout': 9}
TRAIN observed_dqn s0 step=220000 outcomes={'died': 151, 'timeout': 11}
TRAIN observed_dqn s0 step=230000 outcomes={'died': 158, 'timeout': 11}
TRAIN observed_dqn s0 step=240000 outcomes={'died': 165, 'timeout': 11}
TRAIN observed_dqn s0 step=250000 outcomes={'died': 172, 'timeout': 11}
VAL observed_dqn s0 step=256000 kills=0/20 outcomes={'timeout': 20}
TRAIN observed_dqn s0 step=260000 outcomes={'died': 180, 'timeout': 11}
TRAIN observed_dqn s0 step=270000 outcomes={'died': 185, 'timeout': 12}
TRAIN observed_dqn s0 step=280000 outcomes={'died': 193, 'timeout': 12}
TRAIN observed_dqn s0 step=290000 outcomes={'died': 199, 'timeout': 12}
TRAIN observed_dqn s0 step=300000 outcomes={'died': 206, 'timeout': 12}
VAL observed_dqn s0 step=307200 kills=0/20 outcomes={'died': 10, 'timeout': 10}
TRAIN observed_dqn s0 step=310000 outcomes={'died': 211, 'timeout': 13}
TRAIN observed_dqn s0 step=320000 outcomes={'died': 217, 'timeout': 13}
TRAIN observed_dqn s0 step=330000 outcomes={'died': 224, 'timeout': 13}
TRAIN observed_dqn s0 step=340000 outcomes={'died': 228, 'timeout': 14}
TRAIN observed_dqn s0 step=350000 outcomes={'died': 232, 'timeout': 15}
VAL observed_dqn s0 step=358400 kills=0/20 outcomes={'died': 20}
TRAIN observed_dqn s0 step=360000 outcomes={'died': 235, 'timeout': 16}
TRAIN observed_dqn s0 step=370000 outcomes={'died': 240, 'timeout': 16}
TRAIN observed_dqn s0 step=380000 outcomes={'died': 244, 'timeout': 17}
TRAIN observed_dqn s0 step=390000 outcomes={'died': 248, 'timeout': 18}
TRAIN observed_dqn s0 step=400000 outcomes={'died': 250, 'timeout': 20}
VAL observed_dqn s0 step=409600 kills=0/20 outcomes={'timeout': 20}
TRAIN observed_dqn s0 step=410000 outcomes={'died': 250, 'timeout': 25}
TRAIN observed_dqn s0 step=420000 outcomes={'died': 252, 'timeout': 27}
TRAIN observed_dqn s0 step=430000 outcomes={'died': 256, 'timeout': 28}
TRAIN observed_dqn s0 step=440000 outcomes={'died': 261, 'timeout': 28}
TRAIN observed_dqn s0 step=450000 outcomes={'died': 267, 'timeout': 28}
TRAIN observed_dqn s0 step=460000 outcomes={'died': 273, 'timeout': 28}
VAL observed_dqn s0 step=460800 kills=0/20 outcomes={'died': 20}
TRAIN observed_dqn s0 step=470000 outcomes={'died': 278, 'timeout': 28}
TRAIN observed_dqn s0 step=480000 outcomes={'died': 283, 'timeout': 28}
TRAIN observed_dqn s0 step=490000 outcomes={'died': 288, 'timeout': 28}
TRAIN observed_dqn s0 step=500000 outcomes={'died': 291, 'timeout': 30}
TRAIN observed_dqn s0 step=510000 outcomes={'died': 297, 'timeout': 30}
VAL observed_dqn s0 step=512000 kills=0/20 outcomes={'timeout': 20}
TRAIN observed_dqn s0 step=520000 outcomes={'died': 300, 'timeout': 32}
TRAIN observed_dqn s0 step=530000 outcomes={'died': 305, 'timeout': 32}
TRAIN observed_dqn s0 step=540000 outcomes={'died': 307, 'timeout': 34}
TRAIN observed_dqn s0 step=550000 outcomes={'died': 310, 'timeout': 36}
TRAIN observed_dqn s0 step=560000 outcomes={'died': 312, 'timeout': 39}
VAL observed_dqn s0 step=563200 kills=0/20 outcomes={'timeout': 20}
TRAIN observed_dqn s0 step=570000 outcomes={'died': 316, 'timeout': 40}
TRAIN observed_dqn s0 step=580000 outcomes={'died': 320, 'timeout': 41}
TRAIN observed_dqn s0 step=590000 outcomes={'died': 324, 'timeout': 42}
TRAIN observed_dqn s0 step=600000 outcomes={'died': 328, 'timeout': 43}
TRAIN observed_dqn s0 step=610000 outcomes={'died': 334, 'timeout': 43}
VAL observed_dqn s0 step=614400 kills=0/20 outcomes={'died': 18, 'timeout': 2}
TRAIN observed_dqn s0 step=620000 outcomes={'died': 340, 'timeout': 43}
TRAIN observed_dqn s0 step=630000 outcomes={'died': 345, 'timeout': 44}
TRAIN observed_dqn s0 step=640000 outcomes={'died': 351, 'timeout': 44}
TRAIN observed_dqn s0 step=650000 outcomes={'died': 357, 'timeout': 44}
TRAIN observed_dqn s0 step=660000 outcomes={'died': 364, 'timeout': 44}
VAL observed_dqn s0 step=665600 kills=0/20 outcomes={'died': 20}
TRAIN observed_dqn s0 step=670000 outcomes={'died': 373, 'timeout': 44}
TRAIN observed_dqn s0 step=680000 outcomes={'died': 379, 'timeout': 44}
TRAIN observed_dqn s0 step=690000 outcomes={'died': 384, 'timeout': 45}
TRAIN observed_dqn s0 step=700000 outcomes={'died': 389, 'timeout': 46}
TRAIN observed_dqn s0 step=710000 outcomes={'died': 394, 'timeout': 47}
VAL observed_dqn s0 step=716800 kills=0/20 outcomes={'died': 20}
TRAIN observed_dqn s0 step=720000 outcomes={'died': 398, 'timeout': 47, 'kill': 1}
TRAIN observed_dqn s0 step=730000 outcomes={'died': 402, 'timeout': 48, 'kill': 1}
TRAIN observed_dqn s0 step=740000 outcomes={'died': 408, 'timeout': 48, 'kill': 1}
TRAIN observed_dqn s0 step=750000 outcomes={'died': 414, 'timeout': 48, 'kill': 1}
TRAIN observed_dqn s0 step=760000 outcomes={'died': 418, 'timeout': 49, 'kill': 1}
VAL observed_dqn s0 step=768000 kills=0/20 outcomes={'died': 20}
TRAIN observed_dqn s0 step=770000 outcomes={'died': 422, 'timeout': 50, 'kill': 1}
TRAIN observed_dqn s0 step=780000 outcomes={'died': 427, 'timeout': 51, 'kill': 1}
TRAIN observed_dqn s0 step=790000 outcomes={'died': 431, 'timeout': 52, 'kill': 1}
TRAIN observed_dqn s0 step=800000 outcomes={'died': 438, 'timeout': 52, 'kill': 1}
TRAIN observed_dqn s0 step=810000 outcomes={'died': 443, 'timeout': 53, 'kill': 1}
VAL observed_dqn s0 step=819200 kills=5/20 outcomes={'died': 13, 'kill': 5, 'timeout': 2}
TRAIN observed_dqn s0 step=820000 outcomes={'died': 447, 'timeout': 53, 'kill': 1}
TRAIN observed_dqn s0 step=830000 outcomes={'died': 453, 'timeout': 53, 'kill': 1}
TRAIN observed_dqn s0 step=840000 outcomes={'died': 457, 'timeout': 54, 'kill': 1}
TRAIN observed_dqn s0 step=850000 outcomes={'died': 460, 'timeout': 56, 'kill': 1}
TRAIN observed_dqn s0 step=860000 outcomes={'died': 464, 'timeout': 56, 'kill': 1}
TRAIN observed_dqn s0 step=870000 outcomes={'died': 468, 'timeout': 57, 'kill': 1}
VAL observed_dqn s0 step=870400 kills=0/20 outcomes={'died': 20}
TRAIN observed_dqn s0 step=880000 outcomes={'died': 474, 'timeout': 57, 'kill': 1}
TRAIN observed_dqn s0 step=890000 outcomes={'died': 478, 'timeout': 58, 'kill': 1}
TRAIN observed_dqn s0 step=900000 outcomes={'died': 484, 'timeout': 58, 'kill': 1}
TRAIN observed_dqn s0 step=910000 outcomes={'died': 490, 'timeout': 58, 'kill': 1}
TRAIN observed_dqn s0 step=920000 outcomes={'died': 498, 'timeout': 58, 'kill': 1}
VAL observed_dqn s0 step=921600 kills=0/20 outcomes={'died': 20}
TRAIN observed_dqn s0 step=930000 outcomes={'died': 503, 'timeout': 59, 'kill': 1}
TRAIN observed_dqn s0 step=940000 outcomes={'died': 510, 'timeout': 59, 'kill': 1}
TRAIN observed_dqn s0 step=950000 outcomes={'died': 515, 'timeout': 59, 'kill': 1}
TRAIN observed_dqn s0 step=960000 outcomes={'died': 519, 'timeout': 60, 'kill': 1}
TRAIN observed_dqn s0 step=970000 outcomes={'died': 524, 'timeout': 61, 'kill': 1}
VAL observed_dqn s0 step=972800 kills=0/20 outcomes={'died': 16, 'timeout': 4}
TRAIN observed_dqn s0 step=980000 outcomes={'died': 530, 'timeout': 61, 'kill': 1}
TRAIN observed_dqn s0 step=990000 outcomes={'died': 536, 'timeout': 61, 'kill': 1}
TRAIN observed_dqn s0 step=1000000 outcomes={'died': 542, 'timeout': 61, 'kill': 1}
TRAIN observed_dqn s0 step=1010000 outcomes={'died': 546, 'timeout': 62, 'kill': 1}
TRAIN observed_dqn s0 step=1020000 outcomes={'died': 553, 'timeout': 62, 'kill': 1}
VAL observed_dqn s0 step=1024000 kills=0/20 outcomes={'died': 20}
