

     JSBSim Flight Dynamics Model v1.3.0 [GitHub build 1742/commit 01ea7816288dce9e9f6a1a6dc048014bc65d699e] Apr  9 2026 10:02:36
            [JSBSim-ML v2.0]

JSBSim startup beginning ...

VAL observed_dqn s0 step=0 kills=0/20 outcomes={'died': 20}
TRAIN observed_dqn s0 step=10000 outcomes={'died': 5, 'timeout': 2}
TRAIN observed_dqn s0 step=20000 outcomes={'died': 11, 'timeout': 2}
TRAIN observed_dqn s0 step=30000 outcomes={'died': 17, 'timeout': 2}
TRAIN observed_dqn s0 step=40000 outcomes={'died': 23, 'timeout': 2}
TRAIN observed_dqn s0 step=50000 outcomes={'died': 29, 'timeout': 2}
VAL observed_dqn s0 step=51200 kills=0/20 outcomes={'died': 17, 'timeout': 3}
TRAIN observed_dqn s0 step=60000 outcomes={'died': 36, 'timeout': 2}
TRAIN observed_dqn s0 step=70000 outcomes={'died': 42, 'timeout': 2}
TRAIN observed_dqn s0 step=80000 outcomes={'died': 50, 'timeout': 2}
TRAIN observed_dqn s0 step=90000 outcomes={'died': 60, 'timeout': 2}
TRAIN observed_dqn s0 step=100000 outcomes={'died': 67, 'timeout': 2}
VAL observed_dqn s0 step=102400 kills=0/20 outcomes={'died': 18, 'timeout': 2}
TRAIN observed_dqn s0 step=110000 outcomes={'died': 74, 'timeout': 2}
TRAIN observed_dqn s0 step=120000 outcomes={'died': 83, 'timeout': 2}
TRAIN observed_dqn s0 step=130000 outcomes={'died': 90, 'timeout': 2}
TRAIN observed_dqn s0 step=140000 outcomes={'died': 98, 'timeout': 2}
TRAIN observed_dqn s0 step=150000 outcomes={'died': 105, 'timeout': 2}
VAL observed_dqn s0 step=153600 kills=0/20 outcomes={'died': 20}
TRAIN observed_dqn s0 step=160000 outcomes={'died': 112, 'timeout': 2}
TRAIN observed_dqn s0 step=170000 outcomes={'died': 118, 'timeout': 2}
TRAIN observed_dqn s0 step=180000 outcomes={'died': 124, 'timeout': 2}
TRAIN observed_dqn s0 step=190000 outcomes={'died': 126, 'timeout': 5}
TRAIN observed_dqn s0 step=200000 outcomes={'died': 132, 'timeout': 6}
VAL observed_dqn s0 step=204800 kills=0/20 outcomes={'died': 18, 'timeout': 2}
TRAIN observed_dqn s0 step=210000 outcomes={'died': 140, 'timeout': 6}
TRAIN observed_dqn s0 step=220000 outcomes={'died': 146, 'timeout': 6}
TRAIN observed_dqn s0 step=230000 outcomes={'died': 153, 'timeout': 6}
TRAIN observed_dqn s0 step=240000 outcomes={'died': 161, 'timeout': 6}
TRAIN observed_dqn s0 step=250000 outcomes={'died': 165, 'timeout': 7}
VAL observed_dqn s0 step=256000 kills=0/20 outcomes={'died': 20}
TRAIN observed_dqn s0 step=260000 outcomes={'died': 171, 'timeout': 7}
TRAIN observed_dqn s0 step=270000 outcomes={'died': 177, 'timeout': 7}
TRAIN observed_dqn s0 step=280000 outcomes={'died': 181, 'timeout': 9}
TRAIN observed_dqn s0 step=290000 outcomes={'died': 185, 'timeout': 10}
TRAIN observed_dqn s0 step=300000 outcomes={'died': 190, 'timeout': 10}
VAL observed_dqn s0 step=307200 kills=0/20 outcomes={'timeout': 20}
TRAIN observed_dqn s0 step=310000 outcomes={'died': 195, 'timeout': 10}
TRAIN observed_dqn s0 step=320000 outcomes={'died': 201, 'timeout': 10}
TRAIN observed_dqn s0 step=330000 outcomes={'died': 207, 'timeout': 11}
TRAIN observed_dqn s0 step=340000 outcomes={'died': 212, 'timeout': 11, 'mutual': 1}
TRAIN observed_dqn s0 step=350000 outcomes={'died': 215, 'timeout': 12, 'mutual': 1}
VAL observed_dqn s0 step=358400 kills=0/20 outcomes={'died': 18, 'timeout': 2}
TRAIN observed_dqn s0 step=360000 outcomes={'died': 220, 'timeout': 13, 'mutual': 1}
TRAIN observed_dqn s0 step=370000 outcomes={'died': 224, 'timeout': 13, 'mutual': 1, 'kill': 1}
TRAIN observed_dqn s0 step=380000 outcomes={'died': 230, 'timeout': 13, 'mutual': 1, 'kill': 1}
TRAIN observed_dqn s0 step=390000 outcomes={'died': 235, 'timeout': 13, 'mutual': 1, 'kill': 1}
TRAIN observed_dqn s0 step=400000 outcomes={'died': 241, 'timeout': 13, 'mutual': 1, 'kill': 1}
VAL observed_dqn s0 step=409600 kills=0/20 outcomes={'died': 20}
TRAIN observed_dqn s0 step=410000 outcomes={'died': 245, 'timeout': 14, 'mutual': 1, 'kill': 2}
TRAIN observed_dqn s0 step=420000 outcomes={'died': 249, 'timeout': 15, 'mutual': 1, 'kill': 3}
TRAIN observed_dqn s0 step=430000 outcomes={'died': 253, 'timeout': 15, 'mutual': 1, 'kill': 3}
TRAIN observed_dqn s0 step=440000 outcomes={'died': 257, 'timeout': 16, 'mutual': 1, 'kill': 4}
TRAIN observed_dqn s0 step=450000 outcomes={'died': 260, 'timeout': 16, 'mutual': 2, 'kill': 5}
TRAIN observed_dqn s0 step=460000 outcomes={'died': 266, 'timeout': 16, 'mutual': 2, 'kill': 6}
VAL observed_dqn s0 step=460800 kills=0/20 outcomes={'died': 18, 'timeout': 2}
TRAIN observed_dqn s0 step=470000 outcomes={'died': 273, 'timeout': 16, 'mutual': 2, 'kill': 6}
TRAIN observed_dqn s0 step=480000 outcomes={'died': 279, 'timeout': 16, 'mutual': 2, 'kill': 6}
TRAIN observed_dqn s0 step=490000 outcomes={'died': 286, 'timeout': 16, 'mutual': 2, 'kill': 6}
TRAIN observed_dqn s0 step=500000 outcomes={'died': 291, 'timeout': 16, 'mutual': 2, 'kill': 6}
TRAIN observed_dqn s0 step=510000 outcomes={'died': 296, 'timeout': 17, 'mutual': 2, 'kill': 6}
VAL observed_dqn s0 step=512000 kills=0/20 outcomes={'died': 20}
TRAIN observed_dqn s0 step=520000 outcomes={'died': 303, 'timeout': 17, 'mutual': 2, 'kill': 6}
TRAIN observed_dqn s0 step=530000 outcomes={'died': 308, 'timeout': 17, 'mutual': 2, 'kill': 6}
TRAIN observed_dqn s0 step=540000 outcomes={'died': 312, 'timeout': 18, 'mutual': 2, 'kill': 6}
TRAIN observed_dqn s0 step=550000 outcomes={'died': 317, 'timeout': 18, 'mutual': 2, 'kill': 6}
TRAIN observed_dqn s0 step=560000 outcomes={'died': 324, 'timeout': 18, 'mutual': 2, 'kill': 6}
VAL observed_dqn s0 step=563200 kills=0/20 outcomes={'died': 19, 'timeout': 1}
TRAIN observed_dqn s0 step=570000 outcomes={'died': 331, 'timeout': 18, 'mutual': 2, 'kill': 6}
TRAIN observed_dqn s0 step=580000 outcomes={'died': 334, 'timeout': 20, 'mutual': 2, 'kill': 6}
TRAIN observed_dqn s0 step=590000 outcomes={'died': 340, 'timeout': 21, 'mutual': 2, 'kill': 6}
TRAIN observed_dqn s0 step=600000 outcomes={'died': 347, 'timeout': 21, 'mutual': 2, 'kill': 6}
TRAIN observed_dqn s0 step=610000 outcomes={'died': 354, 'timeout': 21, 'mutual': 2, 'kill': 6}
VAL observed_dqn s0 step=614400 kills=0/20 outcomes={'died': 6, 'timeout': 14}
TRAIN observed_dqn s0 step=620000 outcomes={'died': 361, 'timeout': 21, 'mutual': 2, 'kill': 6}
TRAIN observed_dqn s0 step=630000 outcomes={'died': 368, 'timeout': 21, 'mutual': 2, 'kill': 6}
TRAIN observed_dqn s0 step=640000 outcomes={'died': 374, 'timeout': 21, 'mutual': 2, 'kill': 6}
TRAIN observed_dqn s0 step=650000 outcomes={'died': 381, 'timeout': 21, 'mutual': 2, 'kill': 6}
TRAIN observed_dqn s0 step=660000 outcomes={'died': 383, 'timeout': 24, 'mutual': 2, 'kill': 6}
VAL observed_dqn s0 step=665600 kills=0/20 outcomes={'died': 18, 'timeout': 2}
TRAIN observed_dqn s0 step=670000 outcomes={'died': 388, 'timeout': 25, 'mutual': 2, 'kill': 6}
TRAIN observed_dqn s0 step=680000 outcomes={'died': 395, 'timeout': 25, 'mutual': 2, 'kill': 6}
TRAIN observed_dqn s0 step=690000 outcomes={'died': 400, 'timeout': 27, 'mutual': 2, 'kill': 6}
TRAIN observed_dqn s0 step=700000 outcomes={'died': 407, 'timeout': 27, 'mutual': 2, 'kill': 6}
TRAIN observed_dqn s0 step=710000 outcomes={'died': 414, 'timeout': 27, 'mutual': 2, 'kill': 6}
VAL observed_dqn s0 step=716800 kills=0/20 outcomes={'timeout': 20}
TRAIN observed_dqn s0 step=720000 outcomes={'died': 419, 'timeout': 28, 'mutual': 2, 'kill': 6}
TRAIN observed_dqn s0 step=730000 outcomes={'died': 423, 'timeout': 29, 'mutual': 2, 'kill': 6}
TRAIN observed_dqn s0 step=740000 outcomes={'died': 429, 'timeout': 29, 'mutual': 2, 'kill': 6}
TRAIN observed_dqn s0 step=750000 outcomes={'died': 436, 'timeout': 29, 'mutual': 2, 'kill': 6}
TRAIN observed_dqn s0 step=760000 outcomes={'died': 443, 'timeout': 29, 'mutual': 2, 'kill': 6}
VAL observed_dqn s0 step=768000 kills=0/20 outcomes={'died': 20}
TRAIN observed_dqn s0 step=770000 outcomes={'died': 450, 'timeout': 29, 'mutual': 2, 'kill': 6}
TRAIN observed_dqn s0 step=780000 outcomes={'died': 455, 'timeout': 29, 'mutual': 2, 'kill': 6}
TRAIN observed_dqn s0 step=790000 outcomes={'died': 462, 'timeout': 29, 'mutual': 2, 'kill': 6}
TRAIN observed_dqn s0 step=800000 outcomes={'died': 467, 'timeout': 30, 'mutual': 2, 'kill': 6}
TRAIN observed_dqn s0 step=810000 outcomes={'died': 474, 'timeout': 30, 'mutual': 2, 'kill': 6}
VAL observed_dqn s0 step=819200 kills=0/20 outcomes={'timeout': 20}
TRAIN observed_dqn s0 step=820000 outcomes={'died': 480, 'timeout': 30, 'mutual': 2, 'kill': 6}
TRAIN observed_dqn s0 step=830000 outcomes={'died': 487, 'timeout': 30, 'mutual': 2, 'kill': 6}
TRAIN observed_dqn s0 step=840000 outcomes={'died': 490, 'timeout': 32, 'mutual': 2, 'kill': 6}
TRAIN observed_dqn s0 step=850000 outcomes={'died': 497, 'timeout': 32, 'mutual': 2, 'kill': 6}
TRAIN observed_dqn s0 step=860000 outcomes={'died': 503, 'timeout': 32, 'mutual': 2, 'kill': 6}
TRAIN observed_dqn s0 step=870000 outcomes={'died': 508, 'timeout': 32, 'mutual': 2, 'kill': 6}
VAL observed_dqn s0 step=870400 kills=0/20 outcomes={'timeout': 20}
TRAIN observed_dqn s0 step=880000 outcomes={'died': 513, 'timeout': 32, 'mutual': 2, 'kill': 6}
TRAIN observed_dqn s0 step=890000 outcomes={'died': 517, 'timeout': 33, 'mutual': 2, 'kill': 6}
TRAIN observed_dqn s0 step=900000 outcomes={'died': 521, 'timeout': 34, 'mutual': 2, 'kill': 6}
TRAIN observed_dqn s0 step=910000 outcomes={'died': 524, 'timeout': 36, 'mutual': 2, 'kill': 6}
TRAIN observed_dqn s0 step=920000 outcomes={'died': 529, 'timeout': 36, 'mutual': 2, 'kill': 6}
VAL observed_dqn s0 step=921600 kills=13/20 outcomes={'kill': 13, 'timeout': 7}
TRAIN observed_dqn s0 step=930000 outcomes={'died': 535, 'timeout': 37, 'mutual': 2, 'kill': 6}
TRAIN observed_dqn s0 step=940000 outcomes={'died': 540, 'timeout': 38, 'mutual': 2, 'kill': 6}
TRAIN observed_dqn s0 step=950000 outcomes={'died': 545, 'timeout': 39, 'mutual': 2, 'kill': 6}
TRAIN observed_dqn s0 step=960000 outcomes={'died': 548, 'timeout': 40, 'mutual': 2, 'kill': 6}
TRAIN observed_dqn s0 step=970000 outcomes={'died': 552, 'timeout': 41, 'mutual': 2, 'kill': 6}
VAL observed_dqn s0 step=972800 kills=0/20 outcomes={'died': 12, 'timeout': 8}
TRAIN observed_dqn s0 step=980000 outcomes={'died': 556, 'timeout': 41, 'mutual': 2, 'kill': 7}
TRAIN observed_dqn s0 step=990000 outcomes={'died': 562, 'timeout': 41, 'mutual': 2, 'kill': 7}
TRAIN observed_dqn s0 step=1000000 outcomes={'died': 569, 'timeout': 41, 'mutual': 2, 'kill': 7}
TRAIN observed_dqn s0 step=1010000 outcomes={'died': 574, 'timeout': 42, 'mutual': 2, 'kill': 7}
TRAIN observed_dqn s0 step=1020000 outcomes={'died': 580, 'timeout': 43, 'mutual': 2, 'kill': 7}
VAL observed_dqn s0 step=1024000 kills=1/20 outcomes={'died': 12, 'kill': 1, 'timeout': 7}
