

     JSBSim Flight Dynamics Model v1.3.0 [GitHub build 1742/commit 01ea7816288dce9e9f6a1a6dc048014bc65d699e] Apr  9 2026 10:02:36
            [JSBSim-ML v2.0]

JSBSim startup beginning ...

VAL observed_dqn s1 step=0 kills=0/20 outcomes={'died': 20}
TRAIN observed_dqn s1 step=10000 outcomes={'died': 7}
TRAIN observed_dqn s1 step=20000 outcomes={'died': 14}
TRAIN observed_dqn s1 step=30000 outcomes={'died': 21}
TRAIN observed_dqn s1 step=40000 outcomes={'died': 28}
TRAIN observed_dqn s1 step=50000 outcomes={'died': 37}
VAL observed_dqn s1 step=51200 kills=0/20 outcomes={'died': 19, 'timeout': 1}
TRAIN observed_dqn s1 step=60000 outcomes={'died': 43}
TRAIN observed_dqn s1 step=70000 outcomes={'died': 49}
TRAIN observed_dqn s1 step=80000 outcomes={'died': 58}
TRAIN observed_dqn s1 step=90000 outcomes={'died': 65}
TRAIN observed_dqn s1 step=100000 outcomes={'died': 73}
VAL observed_dqn s1 step=102400 kills=0/20 outcomes={'died': 20}
TRAIN observed_dqn s1 step=110000 outcomes={'died': 81}
TRAIN observed_dqn s1 step=120000 outcomes={'died': 88}
TRAIN observed_dqn s1 step=130000 outcomes={'died': 92, 'timeout': 2}
TRAIN observed_dqn s1 step=140000 outcomes={'died': 100, 'timeout': 2}
TRAIN observed_dqn s1 step=150000 outcomes={'died': 107, 'timeout': 2}
VAL observed_dqn s1 step=153600 kills=0/20 outcomes={'died': 20}
TRAIN observed_dqn s1 step=160000 outcomes={'died': 113, 'timeout': 2}
TRAIN observed_dqn s1 step=170000 outcomes={'died': 120, 'timeout': 2}
TRAIN observed_dqn s1 step=180000 outcomes={'died': 127, 'timeout': 2}
TRAIN observed_dqn s1 step=190000 outcomes={'died': 136, 'timeout': 2}
TRAIN observed_dqn s1 step=200000 outcomes={'died': 144, 'timeout': 2}
VAL observed_dqn s1 step=204800 kills=0/20 outcomes={'died': 20}
TRAIN observed_dqn s1 step=210000 outcomes={'died': 151, 'timeout': 2}
TRAIN observed_dqn s1 step=220000 outcomes={'died': 158, 'timeout': 2}
TRAIN observed_dqn s1 step=230000 outcomes={'died': 167, 'timeout': 2}
TRAIN observed_dqn s1 step=240000 outcomes={'died': 175, 'timeout': 2}
TRAIN observed_dqn s1 step=250000 outcomes={'died': 184, 'timeout': 2}
VAL observed_dqn s1 step=256000 kills=0/20 outcomes={'died': 17, 'timeout': 3}
TRAIN observed_dqn s1 step=260000 outcomes={'died': 192, 'timeout': 2}
TRAIN observed_dqn s1 step=270000 outcomes={'died': 202, 'timeout': 2}
TRAIN observed_dqn s1 step=280000 outcomes={'died': 210, 'timeout': 2}
TRAIN observed_dqn s1 step=290000 outcomes={'died': 216, 'timeout': 3}
TRAIN observed_dqn s1 step=300000 outcomes={'died': 225, 'timeout': 3}
VAL observed_dqn s1 step=307200 kills=0/20 outcomes={'died': 18, 'timeout': 2}
TRAIN observed_dqn s1 step=310000 outcomes={'died': 232, 'timeout': 3}
TRAIN observed_dqn s1 step=320000 outcomes={'died': 237, 'timeout': 5}
TRAIN observed_dqn s1 step=330000 outcomes={'died': 245, 'timeout': 5}
TRAIN observed_dqn s1 step=340000 outcomes={'died': 252, 'timeout': 5}
TRAIN observed_dqn s1 step=350000 outcomes={'died': 259, 'timeout': 5}
VAL observed_dqn s1 step=358400 kills=0/20 outcomes={'died': 18, 'timeout': 2}
TRAIN observed_dqn s1 step=360000 outcomes={'died': 264, 'timeout': 6}
TRAIN observed_dqn s1 step=370000 outcomes={'died': 269, 'timeout': 8}
TRAIN observed_dqn s1 step=380000 outcomes={'died': 276, 'timeout': 8}
TRAIN observed_dqn s1 step=390000 outcomes={'died': 282, 'timeout': 9}
TRAIN observed_dqn s1 step=400000 outcomes={'died': 289, 'timeout': 9}
VAL observed_dqn s1 step=409600 kills=0/20 outcomes={'died': 20}
TRAIN observed_dqn s1 step=410000 outcomes={'died': 297, 'timeout': 9}
TRAIN observed_dqn s1 step=420000 outcomes={'died': 304, 'timeout': 9}
TRAIN observed_dqn s1 step=430000 outcomes={'died': 311, 'timeout': 9}
TRAIN observed_dqn s1 step=440000 outcomes={'died': 314, 'timeout': 11}
TRAIN observed_dqn s1 step=450000 outcomes={'died': 319, 'timeout': 12}
TRAIN observed_dqn s1 step=460000 outcomes={'died': 326, 'timeout': 12}
VAL observed_dqn s1 step=460800 kills=0/20 outcomes={'died': 20}
TRAIN observed_dqn s1 step=470000 outcomes={'died': 332, 'timeout': 12}
TRAIN observed_dqn s1 step=480000 outcomes={'died': 339, 'timeout': 12}
TRAIN observed_dqn s1 step=490000 outcomes={'died': 345, 'timeout': 13}
TRAIN observed_dqn s1 step=500000 outcomes={'died': 351, 'timeout': 13}
TRAIN observed_dqn s1 step=510000 outcomes={'died': 356, 'timeout': 15}
VAL observed_dqn s1 step=512000 kills=0/20 outcomes={'died': 13, 'timeout': 7}
TRAIN observed_dqn s1 step=520000 outcomes={'died': 365, 'timeout': 15}
TRAIN observed_dqn s1 step=530000 outcomes={'died': 373, 'timeout': 15}
TRAIN observed_dqn s1 step=540000 outcomes={'died': 378, 'timeout': 16}
TRAIN observed_dqn s1 step=550000 outcomes={'died': 385, 'timeout': 16}
TRAIN observed_dqn s1 step=560000 outcomes={'died': 391, 'timeout': 16}
VAL observed_dqn s1 step=563200 kills=0/20 outcomes={'died': 12, 'timeout': 8}
TRAIN observed_dqn s1 step=570000 outcomes={'died': 394, 'timeout': 18}
TRAIN observed_dqn s1 step=580000 outcomes={'died': 401, 'timeout': 18}
TRAIN observed_dqn s1 step=590000 outcomes={'died': 407, 'timeout': 19}
TRAIN observed_dqn s1 step=600000 outcomes={'died': 413, 'timeout': 19}
TRAIN observed_dqn s1 step=610000 outcomes={'died': 419, 'timeout': 20}
VAL observed_dqn s1 step=614400 kills=0/20 outcomes={'died': 18, 'timeout': 2}
TRAIN observed_dqn s1 step=620000 outcomes={'died': 424, 'timeout': 21}
TRAIN observed_dqn s1 step=630000 outcomes={'died': 429, 'timeout': 22}
TRAIN observed_dqn s1 step=640000 outcomes={'died': 436, 'timeout': 22}
TRAIN observed_dqn s1 step=650000 outcomes={'died': 442, 'timeout': 23}
TRAIN observed_dqn s1 step=660000 outcomes={'died': 449, 'timeout': 23}
VAL observed_dqn s1 step=665600 kills=0/20 outcomes={'died': 17, 'timeout': 3}
TRAIN observed_dqn s1 step=670000 outcomes={'died': 455, 'timeout': 23}
TRAIN observed_dqn s1 step=680000 outcomes={'died': 460, 'timeout': 24}
TRAIN observed_dqn s1 step=690000 outcomes={'died': 464, 'timeout': 25}
TRAIN observed_dqn s1 step=700000 outcomes={'died': 470, 'timeout': 26}
TRAIN observed_dqn s1 step=710000 outcomes={'died': 473, 'timeout': 28}
VAL observed_dqn s1 step=716800 kills=0/20 outcomes={'died': 20}
TRAIN observed_dqn s1 step=720000 outcomes={'died': 481, 'timeout': 28}
TRAIN observed_dqn s1 step=730000 outcomes={'died': 487, 'timeout': 28}
TRAIN observed_dqn s1 step=740000 outcomes={'died': 492, 'timeout': 28}
TRAIN observed_dqn s1 step=750000 outcomes={'died': 496, 'timeout': 29}
TRAIN observed_dqn s1 step=760000 outcomes={'died': 502, 'timeout': 29}
VAL observed_dqn s1 step=768000 kills=0/20 outcomes={'died': 18, 'timeout': 2}
TRAIN observed_dqn s1 step=770000 outcomes={'died': 507, 'timeout': 29}
TRAIN observed_dqn s1 step=780000 outcomes={'died': 513, 'timeout': 29}
TRAIN observed_dqn s1 step=790000 outcomes={'died': 519, 'timeout': 29}
TRAIN observed_dqn s1 step=800000 outcomes={'died': 524, 'timeout': 29}
TRAIN observed_dqn s1 step=810000 outcomes={'died': 530, 'timeout': 29}
VAL observed_dqn s1 step=819200 kills=1/20 outcomes={'died': 17, 'kill': 1, 'timeout': 2}
TRAIN observed_dqn s1 step=820000 outcomes={'died': 535, 'timeout': 30}
TRAIN observed_dqn s1 step=830000 outcomes={'died': 536, 'timeout': 33}
TRAIN observed_dqn s1 step=840000 outcomes={'died': 540, 'timeout': 34}
TRAIN observed_dqn s1 step=850000 outcomes={'died': 542, 'timeout': 36}
TRAIN observed_dqn s1 step=860000 outcomes={'died': 544, 'timeout': 39}
TRAIN observed_dqn s1 step=870000 outcomes={'died': 546, 'timeout': 42}
VAL observed_dqn s1 step=870400 kills=0/20 outcomes={'died': 19, 'timeout': 1}
TRAIN observed_dqn s1 step=880000 outcomes={'died': 549, 'timeout': 44}
TRAIN observed_dqn s1 step=890000 outcomes={'died': 550, 'timeout': 47}
TRAIN observed_dqn s1 step=900000 outcomes={'died': 553, 'timeout': 49}
TRAIN observed_dqn s1 step=910000 outcomes={'died': 554, 'timeout': 53}
TRAIN observed_dqn s1 step=920000 outcomes={'died': 556, 'timeout': 55}
VAL observed_dqn s1 step=921600 kills=0/20 outcomes={'died': 3, 'timeout': 17}
TRAIN observed_dqn s1 step=930000 outcomes={'died': 557, 'timeout': 58}
TRAIN observed_dqn s1 step=940000 outcomes={'died': 560, 'timeout': 60}
TRAIN observed_dqn s1 step=950000 outcomes={'died': 561, 'timeout': 64}
TRAIN observed_dqn s1 step=960000 outcomes={'died': 565, 'timeout': 65}
TRAIN observed_dqn s1 step=970000 outcomes={'died': 571, 'timeout': 65}
VAL observed_dqn s1 step=972800 kills=0/20 outcomes={'died': 16, 'mutual': 1, 'timeout': 3}
TRAIN observed_dqn s1 step=980000 outcomes={'died': 577, 'timeout': 66}
TRAIN observed_dqn s1 step=990000 outcomes={'died': 583, 'timeout': 66}
TRAIN observed_dqn s1 step=1000000 outcomes={'died': 587, 'timeout': 67}
TRAIN observed_dqn s1 step=1010000 outcomes={'died': 590, 'timeout': 69}
TRAIN observed_dqn s1 step=1020000 outcomes={'died': 594, 'timeout': 70}
VAL observed_dqn s1 step=1024000 kills=0/20 outcomes={'died': 10, 'timeout': 10}
